Archive member included to satisfy reference by file (symbol)

c:/program files (x86)/embitz/2.62/share/armgcc/bin/../lib/gcc/arm-none-eabi/9.3.1/thumb/v7e-m+fp/hard\libgcc.a(unwind-arm.o)
                              obj\debug\~#\app\src\bsp.o (__aeabi_unwind_cpp_pr0)
c:/program files (x86)/embitz/2.62/share/armgcc/bin/../lib/gcc/arm-none-eabi/9.3.1/thumb/v7e-m+fp/hard\libgcc.a(libunwind.o)
                              c:/program files (x86)/embitz/2.62/share/armgcc/bin/../lib/gcc/arm-none-eabi/9.3.1/thumb/v7e-m+fp/hard\libgcc.a(unwind-arm.o) (restore_core_regs)
c:/program files (x86)/embitz/2.62/share/armgcc/bin/../lib/gcc/arm-none-eabi/9.3.1/thumb/v7e-m+fp/hard\libgcc.a(pr-support.o)
                              c:/program files (x86)/embitz/2.62/share/armgcc/bin/../lib/gcc/arm-none-eabi/9.3.1/thumb/v7e-m+fp/hard\libgcc.a(unwind-arm.o) (__gnu_unwind_execute)
c:/program files (x86)/embitz/2.62/share/armgcc/bin/../lib/gcc/arm-none-eabi/9.3.1/../../../../arm-none-eabi/lib/thumb/v7e-m+fp/hard\libg_nano.a(lib_a-abort.o)
                              c:/program files (x86)/embitz/2.62/share/armgcc/bin/../lib/gcc/arm-none-eabi/9.3.1/thumb/v7e-m+fp/hard\libgcc.a(unwind-arm.o) (abort)
c:/program files (x86)/embitz/2.62/share/armgcc/bin/../lib/gcc/arm-none-eabi/9.3.1/../../../../arm-none-eabi/lib/thumb/v7e-m+fp/hard\libg_nano.a(lib_a-exit.o)
                              c:/program files (x86)/embitz/2.62/share/armgcc/bin/../lib/gcc/arm-none-eabi/9.3.1/../../../../arm-none-eabi/lib/thumb/v7e-m+fp/hard/crt0.o (exit)
c:/program files (x86)/embitz/2.62/share/armgcc/bin/../lib/gcc/arm-none-eabi/9.3.1/../../../../arm-none-eabi/lib/thumb/v7e-m+fp/hard\libg_nano.a(lib_a-impure.o)
                              c:/program files (x86)/embitz/2.62/share/armgcc/bin/../lib/gcc/arm-none-eabi/9.3.1/../../../../arm-none-eabi/lib/thumb/v7e-m+fp/hard\libg_nano.a(lib_a-exit.o) (_global_impure_ptr)
c:/program files (x86)/embitz/2.62/share/armgcc/bin/../lib/gcc/arm-none-eabi/9.3.1/../../../../arm-none-eabi/lib/thumb/v7e-m+fp/hard\libg_nano.a(lib_a-init.o)
                              c:/program files (x86)/embitz/2.62/share/armgcc/bin/../lib/gcc/arm-none-eabi/9.3.1/../../../../arm-none-eabi/lib/thumb/v7e-m+fp/hard/crt0.o (__libc_init_array)
c:/program files (x86)/embitz/2.62/share/armgcc/bin/../lib/gcc/arm-none-eabi/9.3.1/../../../../arm-none-eabi/lib/thumb/v7e-m+fp/hard\libg_nano.a(lib_a-memcpy-stub.o)
                              obj\debug\~#\module\nos\src\nosqueue.o (memcpy)
c:/program files (x86)/embitz/2.62/share/armgcc/bin/../lib/gcc/arm-none-eabi/9.3.1/../../../../arm-none-eabi/lib/thumb/v7e-m+fp/hard\libg_nano.a(lib_a-memset.o)
                              c:/program files (x86)/embitz/2.62/share/armgcc/bin/../lib/gcc/arm-none-eabi/9.3.1/../../../../arm-none-eabi/lib/thumb/v7e-m+fp/hard/crt0.o (memset)
c:/program files (x86)/embitz/2.62/share/armgcc/bin/../lib/gcc/arm-none-eabi/9.3.1/../../../../arm-none-eabi/lib/thumb/v7e-m+fp/hard\libg_nano.a(lib_a-signal.o)
                              c:/program files (x86)/embitz/2.62/share/armgcc/bin/../lib/gcc/arm-none-eabi/9.3.1/../../../../arm-none-eabi/lib/thumb/v7e-m+fp/hard\libg_nano.a(lib_a-abort.o) (raise)
c:/program files (x86)/embitz/2.62/share/armgcc/bin/../lib/gcc/arm-none-eabi/9.3.1/../../../../arm-none-eabi/lib/thumb/v7e-m+fp/hard\libg_nano.a(lib_a-signalr.o)
                              c:/program files (x86)/embitz/2.62/share/armgcc/bin/../lib/gcc/arm-none-eabi/9.3.1/../../../../arm-none-eabi/lib/thumb/v7e-m+fp/hard\libg_nano.a(lib_a-signal.o) (_kill_r)
c:/program files (x86)/embitz/2.62/share/armgcc/bin/../lib/gcc/arm-none-eabi/9.3.1/../../../../arm-none-eabi/lib/thumb/v7e-m+fp/hard\libg_nano.a(lib_a-strlen.o)
                              obj\debug\~#\module\digini\peripheral\src\device\lib_class_spi_iv_11.o (strlen)
c:/program files (x86)/embitz/2.62/share/armgcc/bin/../lib/gcc/arm-none-eabi/9.3.1/../../../../arm-none-eabi/lib/thumb/v7e-m+fp/hard\libg_nano.a(lib_a-nano-mallocr.o)
                              c:/program files (x86)/embitz/2.62/share/armgcc/bin/../lib/gcc/arm-none-eabi/9.3.1/../../../../arm-none-eabi/lib/thumb/v7e-m+fp/hard\libg_nano.a(lib_a-signal.o) (_malloc_r)
c:/program files (x86)/embitz/2.62/share/armgcc/bin/../lib/gcc/arm-none-eabi/9.3.1/../../../../arm-none-eabi/lib/thumb/v7e-m+fp/hard\libg_nano.a(lib_a-reent.o)
                              c:/program files (x86)/embitz/2.62/share/armgcc/bin/../lib/gcc/arm-none-eabi/9.3.1/../../../../arm-none-eabi/lib/thumb/v7e-m+fp/hard\libg_nano.a(lib_a-signalr.o) (errno)
c:/program files (x86)/embitz/2.62/share/armgcc/bin/../lib/gcc/arm-none-eabi/9.3.1/../../../../arm-none-eabi/lib/thumb/v7e-m+fp/hard\libg_nano.a(lib_a-sbrkr.o)
                              c:/program files (x86)/embitz/2.62/share/armgcc/bin/../lib/gcc/arm-none-eabi/9.3.1/../../../../arm-none-eabi/lib/thumb/v7e-m+fp/hard\libg_nano.a(lib_a-nano-mallocr.o) (_sbrk_r)
[...]
Memory Configuration

Name             Origin             Length             Attributes
FLASH            0x08000000         0x000e0000         xr
RAM              0x20000000         0x00012000         xrw
*default*        0x00000000         0xffffffff

Linker script and memory map

LOAD c:/program files (x86)/embitz/2.62/share/armgcc/bin/../lib/gcc/arm-none-eabi/9.3.1/thumb/v7e-m+fp/hard/crti.o
LOAD c:/program files (x86)/embitz/2.62/share/armgcc/bin/../lib/gcc/arm-none-eabi/9.3.1/thumb/v7e-m+fp/hard/crtbegin.o
LOAD c:/program files (x86)/embitz/2.62/share/armgcc/bin/../lib/gcc/arm-none-eabi/9.3.1/../../../../arm-none-eabi/lib/thumb/v7e-m+fp/hard/crt0.o
                0x00000400                __HEAP_SIZE = 0x400
                0x00000600                __STACK_SIZE = 0x600
                0x00000400                _Min_Heap_Size = __HEAP_SIZE
                0x00000600                _Min_Stack_Size = __STACK_SIZE
                0x20012000                _estack = (ORIGIN (RAM) + LENGTH (RAM))

.isr_vector     0x08000000      0x188
                0x08000000                . = ALIGN (0x4)
 *(.isr_vector)
 .isr_vector    0x08000000      0x188 obj\debug\~#\app\startup_stm32f4xx.o
                0x08000000                g_pfnVectors
                0x08000188                . = ALIGN (0x4)

.text           0x08000190     0x7c2c
                0x08000190                . = ALIGN (0x4)
 *(.text)
 .text          0x08000190        0x0 c:/program files (x86)/embitz/2.62/share/armgcc/bin/../lib/gcc/arm-none-eabi/9.3.1/thumb/v7e-m+fp/hard/crti.o
 .text          0x08000190       0x40 c:/program files (x86)/embitz/2.62/share/armgcc/bin/../lib/gcc/arm-none-eabi/9.3.1/thumb/v7e-m+fp/hard/crtbegin.o
 .text          0x080001d0       0x7c c:/program files (x86)/embitz/2.62/share/armgcc/bin/../lib/gcc/arm-none-eabi/9.3.1/../../../../arm-none-eabi/lib/thumb/v7e-m+fp/hard/crt0.o
                0x080001d0                _stack_init
                0x080001d8                _start
                0x080001d8                _mainCRTStartup
 .text          0x0800024c        0x0 obj\debug\~#\app\src\bsp.o
 .text          0x0800024c        0x0 obj\debug\~#\app\src\irq.o
 .text          0x0800024c        0x0 obj\debug\~#\app\src\main.o
 .text          0x0800024c        0x0 obj\debug\~#\app\src\taskidle.o
 .text          0x0800024c       0x14 obj\debug\~#\app\startup_stm32f4xx.o
 .text          0x08000260        0x0 obj\debug\~#\module\digini\digini\src\digini.o
 .text          0x08000260        0x0 obj\debug\~#\module\digini\memory\src\lib_memory.o
 .text          0x08000260        0x0 obj\debug\~#\module\digini\peripheral\src\device\lib_class_spi_dacx3508.o
 .text          0x08000260        0x0 obj\debug\~#\module\digini\peripheral\src\device\lib_class_spi_iv_11.o
 .text          0x08000260        0x0 obj\debug\~#\module\digini\peripheral\src\device\lib_class_spi_vfd.o
 .text          0x08000260        0x0 obj\debug\~#\module\digini\peripheral\src\port\stm32f4xx\lib_class_stm32f4_dma.o
 .text          0x08000260        0x0 obj\debug\~#\module\digini\peripheral\src\port\stm32f4xx\lib_class_stm32f4_pwm.o
 .text          0x08000260        0x0 obj\debug\~#\module\digini\peripheral\src\port\stm32f4xx\lib_class_stm32f4_spi.o
 .text          0x08000260        0x0 obj\debug\~#\module\digini\peripheral\src\port\stm32f4xx\lib_class_stm32f4_tim.o
 .text          0x08000260        0x0 obj\debug\~#\module\digini\peripheral\src\port\stm32f4xx\lib_stm32f4_io.o
 .text          0x08000260        0x0 obj\debug\~#\module\digini\peripheral\src\port\stm32f4xx\lib_stm32f4_isr.o
 .text          0x08000260        0x0 obj\debug\~#\module\digini\peripheral\src\port\stm32f4xx\system_clock.o
 .text          0x08000260        0x0 obj\debug\~#\module\digini\rtos_wrapper\src\nos\lib_nos_tick.o
 .text          0x08000260        0x0 obj\debug\~#\module\digini\utility\src\lib_class_bit_array.o
 .text          0x08000260        0x0 obj\debug\~#\module\nos\src\nosalarm.o
 .text          0x08000260        0x0 obj\debug\~#\module\nos\src\nosbarrier.o
 .text          0x08000260        0x0 obj\debug\~#\module\nos\src\nosevent.o
 .text          0x08000260        0x0 obj\debug\~#\module\nos\src\nosflag.o
 .text          0x08000260        0x0 obj\debug\~#\module\nos\src\noslist.o
 .text          0x08000260        0x0 obj\debug\~#\module\nos\src\nosmem.o
 .text          0x08000260        0x0 obj\debug\~#\module\nos\src\nosmutex.o
 .text          0x08000260        0x0 obj\debug\~#\module\nos\src\nosqueue.o
 .text          0x08000260        0x0 obj\debug\~#\module\nos\src\nossched.o
 .text          0x08000260        0x0 obj\debug\~#\module\nos\src\nossem.o
 .text          0x08000260        0x0 obj\debug\~#\module\nos\src\nossignal.o
 .text          0x08000260        0x0 obj\debug\~#\module\nos\src\nosthread.o
 .text          0x08000260        0x0 obj\debug\~#\module\nos\src\nostime.o
 .text          0x08000260        0x0 obj\debug\~#\module\nos\src\nostimer.o
 .text          0x08000260        0x0 obj\debug\~#\module\nos\src\port\gcc\arm_cortex_m4\nosport.o
 .text          0x08000260      0x9b8 c:/program files (x86)/embitz/2.62/share/armgcc/bin/../lib/gcc/arm-none-eabi/9.3.1/thumb/v7e-m+fp/hard\libgcc.a(unwind-arm.o)
                0x08000508                _Unwind_GetCFA
                0x0800050c                __gnu_Unwind_RaiseException
                0x0800056c                __gnu_Unwind_ForcedUnwind
                0x08000580                __gnu_Unwind_Resume
                0x080005c4                __gnu_Unwind_Resume_or_Rethrow
                0x080005d4                _Unwind_Complete
                0x080005d8                _Unwind_DeleteException
                0x080005e4                _Unwind_VRS_Get
                0x0800062c                _Unwind_VRS_Set
                0x08000674                __gnu_Unwind_Backtrace
                0x08000994                __aeabi_unwind_cpp_pr0
                0x08000998                __aeabi_unwind_cpp_pr1
                0x0800099c                __aeabi_unwind_cpp_pr2
                0x080009a0                _Unwind_VRS_Pop
 .text          0x08000c18      0x1ac c:/program files (x86)/embitz/2.62/share/armgcc/bin/../lib/gcc/arm-none-eabi/9.3.1/thumb/v7e-m+fp/hard\libgcc.a(libunwind.o)
                0x08000c18                __restore_core_regs
                0x08000c18                restore_core_regs
                0x08000c30                __gnu_Unwind_Restore_VFP
                0x08000c38                __gnu_Unwind_Save_VFP
                0x08000c40                __gnu_Unwind_Restore_VFP_D
                0x08000c48                __gnu_Unwind_Save_VFP_D
                0x08000c50                __gnu_Unwind_Restore_VFP_D_16_to_31
                0x08000c58                __gnu_Unwind_Save_VFP_D_16_to_31
                0x08000c60                __gnu_Unwind_Restore_WMMXD
                0x08000ca4                __gnu_Unwind_Save_WMMXD
                0x08000ce8                __gnu_Unwind_Restore_WMMXC
                0x08000cfc                __gnu_Unwind_Save_WMMXC
                0x08000d10                ___Unwind_RaiseException
                0x08000d10                _Unwind_RaiseException
                0x08000d34                _Unwind_Resume
                0x08000d34                ___Unwind_Resume
                0x08000d58                _Unwind_Resume_or_Rethrow
                0x08000d58                ___Unwind_Resume_or_Rethrow
                0x08000d7c                _Unwind_ForcedUnwind
                0x08000d7c                ___Unwind_ForcedUnwind
                0x08000da0                ___Unwind_Backtrace
                0x08000da0                _Unwind_Backtrace
 .text          0x08000dc4      0x340 c:/program files (x86)/embitz/2.62/share/armgcc/bin/../lib/gcc/arm-none-eabi/9.3.1/thumb/v7e-m+fp/hard\libgcc.a(pr-support.o)
                0x08000e1c                __gnu_unwind_execute
                0x080010b8                __gnu_unwind_frame
                0x080010e4                _Unwind_GetRegionStart
                0x080010f0                _Unwind_GetLanguageSpecificData
 .text          0x08001104        0x0 c:/program files (x86)/embitz/2.62/share/armgcc/bin/../lib/gcc/arm-none-eabi/9.3.1/../../../../arm-none-eabi/lib/thumb/v7e-m+fp/hard\libg_nano.a(lib_a-abort.o)
 .text          0x08001104        0x0 c:/program files (x86)/embitz/2.62/share/armgcc/bin/../lib/gcc/arm-none-eabi/9.3.1/../../../../arm-none-eabi/lib/thumb/v7e-m+fp/hard\libg_nano.a(lib_a-exit.o)
 .text          0x08001104        0x0 c:/program files (x86)/embitz/2.62/share/armgcc/bin/../lib/gcc/arm-none-eabi/9.3.1/../../../../arm-none-eabi/lib/thumb/v7e-m+fp/hard\libg_nano.a(lib_a-impure.o)
 .text          0x08001104        0x0 c:/program files (x86)/embitz/2.62/share/armgcc/bin/../lib/gcc/arm-none-eabi/9.3.1/../../../../arm-none-eabi/lib/thumb/v7e-m+fp/hard\libg_nano.a(lib_a-init.o)
 .text          0x08001104        0x0 c:/program files (x86)/embitz/2.62/share/armgcc/bin/../lib/gcc/arm-none-eabi/9.3.1/../../../../arm-none-eabi/lib/thumb/v7e-m+fp/hard\libg_nano.a(lib_a-memcpy-stub.o)
 .text          0x08001104        0x0 c:/program files (x86)/embitz/2.62/share/armgcc/bin/../lib/gcc/arm-none-eabi/9.3.1/../../../../arm-none-eabi/lib/thumb/v7e-m+fp/hard\libg_nano.a(lib_a-memset.o)
 .text          0x08001104        0x0 c:/program files (x86)/embitz/2.62/share/armgcc/bin/../lib/gcc/arm-none-eabi/9.3.1/../../../../arm-none-eabi/lib/thumb/v7e-m+fp/hard\libg_nano.a(lib_a-signal.o)
 .text          0x08001104        0x0 c:/program files (x86)/embitz/2.62/share/armgcc/bin/../lib/gcc/arm-none-eabi/9.3.1/../../../../arm-none-eabi/lib/thumb/v7e-m+fp/hard\libg_nano.a(lib_a-signalr.o)
 .text          0x08001104       0x10 c:/program files (x86)/embitz/2.62/share/armgcc/bin/../lib/gcc/arm-none-eabi/9.3.1/../../../../arm-none-eabi/lib/thumb/v7e-m+fp/hard\libg_nano.a(lib_a-strlen.o)
                0x08001104                strlen
 .text          0x08001114        0x0 c:/program files (x86)/embitz/2.62/share/armgcc/bin/../lib/gcc/arm-none-eabi/9.3.1/../../../../arm-none-eabi/lib/thumb/v7e-m+fp/hard\libg_nano.a(lib_a-nano-mallocr.o)
 .text          0x08001114        0x0 c:/program files (x86)/embitz/2.62/share/armgcc/bin/../lib/gcc/arm-none-eabi/9.3.1/../../../../arm-none-eabi/lib/thumb/v7e-m+fp/hard\libg_nano.a(lib_a-reent.o)
 .text          0x08001114        0x0 c:/program files (x86)/embitz/2.62/share/armgcc/bin/../lib/gcc/arm-none-eabi/9.3.1/../../../../arm-none-eabi/lib/thumb/v7e-m+fp/hard\libg_nano.a(lib_a-sbrkr.o)
 .text          0x08001114        0x0 c:/program files (x86)/embitz/2.62/share/armgcc/bin/../lib/gcc/arm-none-eabi/9.3.1/../../../../arm-none-eabi/lib/thumb/v7e-m+fp/hard\libg_nano.a(lib_a-mlock.o)
 .text          0x08001114        0x0 c:/program files (x86)/embitz/2.62/share/armgcc/bin/../lib/gcc/arm-none-eabi/9.3.1/../../../../arm-none-eabi/lib/thumb/v7e-m+fp/hard\libg_nano.a(lib_a-nano-freer.o)
 .text          0x08001114        0x0 c:/program files (x86)/embitz/2.62/share/armgcc/bin/../lib/gcc/arm-none-eabi/9.3.1/../../../../arm-none-eabi/lib/thumb/v7e-m+fp/hard\libg_nano.a(lib_a-lock.o)
 .text          0x08001114        0x0 c:/program files (x86)/embitz/2.62/share/armgcc/bin/../lib/gcc/arm-none-eabi/9.3.1/../../../../arm-none-eabi/lib/thumb/v7e-m+fp/hard\libnosys.a(getpid.o)
 .text          0x08001114        0x0 c:/program files (x86)/embitz/2.62/share/armgcc/bin/../lib/gcc/arm-none-eabi/9.3.1/../../../../arm-none-eabi/lib/thumb/v7e-m+fp/hard\libnosys.a(kill.o)
 .text          0x08001114        0x0 c:/program files (x86)/embitz/2.62/share/armgcc/bin/../lib/gcc/arm-none-eabi/9.3.1/../../../../arm-none-eabi/lib/thumb/v7e-m+fp/hard\libnosys.a(sbrk.o)
 .text          0x08001114        0x0 c:/program files (x86)/embitz/2.62/share/armgcc/bin/../lib/gcc/arm-none-eabi/9.3.1/../../../../arm-none-eabi/lib/thumb/v7e-m+fp/hard\libnosys.a(_exit.o)
 .text          0x08001114        0x0 c:/program files (x86)/embitz/2.62/share/armgcc/bin/../lib/gcc/arm-none-eabi/9.3.1/thumb/v7e-m+fp/hard/crtend.o
 .text          0x08001114        0x0 c:/program files (x86)/embitz/2.62/share/armgcc/bin/../lib/gcc/arm-none-eabi/9.3.1/thumb/v7e-m+fp/hard/crtn.o
 *(.text*)
 .text.NVIC_SetPriority
                0x08001114       0x54 obj\debug\~#\app\src\bsp.o
 .text.SysTick_Config
                0x08001168       0x44 obj\debug\~#\app\src\bsp.o
 .text._Z14BSP_Initializev
                0x080011ac       0x2c obj\debug\~#\app\src\bsp.o
                0x080011ac                BSP_Initialize()
 .text._Z21BSP_PostOS_Initializev
                0x080011d8       0x64 obj\debug\~#\app\src\bsp.o
                0x080011d8                BSP_PostOS_Initialize()
 .text.DMA2_Stream0_IRQHandler
                0x0800123c       0x18 obj\debug\~#\app\src\irq.o
                0x0800123c                DMA2_Stream0_IRQHandler
 .text.DMA2_Stream3_IRQHandler
                0x08001254       0x18 obj\debug\~#\app\src\irq.o
                0x08001254                DMA2_Stream3_IRQHandler
 .text.DMA1_Stream0_IRQHandler
                0x0800126c       0x18 obj\debug\~#\app\src\irq.o
                0x0800126c                DMA1_Stream0_IRQHandler
 .text.DMA1_Stream5_IRQHandler
                0x08001284       0x18 obj\debug\~#\app\src\irq.o
                0x08001284                DMA1_Stream5_IRQHandler
 .text.SPI1_IRQHandler
                0x0800129c       0x1c obj\debug\~#\app\src\irq.o
                0x0800129c                SPI1_IRQHandler
 .text.main     0x080012b8       0x20 obj\debug\~#\app\src\main.o
                0x080012b8                main
 .text._Z8TaskIdlev
                0x080012d8       0x5c obj\debug\~#\app\src\taskidle.o
                0x080012d8                TaskIdle()
 .text.Reset_Handler
                0x08001334       0x50 obj\debug\~#\app\startup_stm32f4xx.o
                0x08001334                Reset_Handler
 .text.Default_Handler
                0x08001384        0x2 obj\debug\~#\app\startup_stm32f4xx.o
                0x08001384                RTC_Alarm_IRQHandler
                0x08001384                HASH_RNG_IRQHandler
                0x08001384                EXTI2_IRQHandler
                0x08001384                TIM8_CC_IRQHandler
                0x08001384                DebugMon_Handler
                0x08001384                TIM1_CC_IRQHandler
                0x08001384                DMA2_Stream5_IRQHandler
                0x08001384                HardFault_Handler
                0x08001384                PVD_IRQHandler
                0x08001384                SDIO_IRQHandler
                0x08001384                TAMP_STAMP_IRQHandler
                0x08001384                NMI_Handler
                0x08001384                CAN2_RX1_IRQHandler
                0x08001384                EXTI3_IRQHandler
                0x08001384                TIM8_TRG_COM_TIM14_IRQHandler
                0x08001384                TIM1_UP_TIM10_IRQHandler
                0x08001384                TIM8_UP_TIM13_IRQHandler
                0x08001384                I2C3_ER_IRQHandler
                0x08001384                EXTI0_IRQHandler
                0x08001384                I2C2_EV_IRQHandler
                0x08001384                DMA1_Stream2_IRQHandler
                0x08001384                CAN1_RX0_IRQHandler
                0x08001384                FPU_IRQHandler
                0x08001384                OTG_HS_WKUP_IRQHandler
                0x08001384                UsageFault_Handler
                0x08001384                CAN2_SCE_IRQHandler
                0x08001384                DMA2_Stream2_IRQHandler
                0x08001384                TIM6_DAC_IRQHandler
                0x08001384                TIM1_BRK_TIM9_IRQHandler
                0x08001384                DCMI_IRQHandler
                0x08001384                CAN2_RX0_IRQHandler
                0x08001384                USART6_IRQHandler
                0x08001384                USART3_IRQHandler
                0x08001384                CAN1_RX1_IRQHandler
                0x08001384                UART5_IRQHandler
                0x08001384                TIM4_IRQHandler
                0x08001384                I2C1_EV_IRQHandler
                0x08001384                DMA1_Stream6_IRQHandler
                0x08001384                DMA1_Stream1_IRQHandler
                0x08001384                UART4_IRQHandler
                0x08001384                TIM3_IRQHandler
                0x08001384                RCC_IRQHandler
                0x08001384                TIM8_BRK_TIM12_IRQHandler
                0x08001384                Default_Handler
                0x08001384                EXTI15_10_IRQHandler
                0x08001384                ADC_IRQHandler
                0x08001384                DMA1_Stream7_IRQHandler
                0x08001384                TIM7_IRQHandler
                0x08001384                CAN2_TX_IRQHandler
                0x08001384                TIM5_IRQHandler
                0x08001384                DMA2_Stream7_IRQHandler
                0x08001384                I2C3_EV_IRQHandler
                0x08001384                EXTI9_5_IRQHandler
                0x08001384                RTC_WKUP_IRQHandler
                0x08001384                ETH_WKUP_IRQHandler
                0x08001384                SPI2_IRQHandler
                0x08001384                OTG_HS_EP1_IN_IRQHandler
                0x08001384                CAN1_TX_IRQHandler
                0x08001384                SVC_Handler
                0x08001384                EXTI4_IRQHandler
                0x08001384                FSMC_IRQHandler
                0x08001384                ETH_IRQHandler
                0x08001384                OTG_HS_EP1_OUT_IRQHandler
                0x08001384                WWDG_IRQHandler
                0x08001384                TIM2_IRQHandler
                0x08001384                OTG_FS_WKUP_IRQHandler
                0x08001384                TIM1_TRG_COM_TIM11_IRQHandler
                0x08001384                OTG_HS_IRQHandler
                0x08001384                EXTI1_IRQHandler
                0x08001384                USART2_IRQHandler
                0x08001384                I2C2_ER_IRQHandler
                0x08001384                DMA2_Stream1_IRQHandler
                0x08001384                CAN1_SCE_IRQHandler
                0x08001384                FLASH_IRQHandler
                0x08001384                DMA2_Stream4_IRQHandler
                0x08001384                BusFault_Handler
                0x08001384                USART1_IRQHandler
                0x08001384                OTG_FS_IRQHandler
                0x08001384                SPI3_IRQHandler
                0x08001384                DMA1_Stream4_IRQHandler
                0x08001384                I2C1_ER_IRQHandler
                0x08001384                DMA2_Stream6_IRQHandler
                0x08001384                DMA1_Stream3_IRQHandler
 .text._Z17DIGINI_Initializev
                0x08001386       0x10 obj\debug\~#\module\digini\digini\src\digini.o
                0x08001386                DIGINI_Initialize()
 .text._Z21DIGINI_PostInitializev
                0x08001396       0x10 obj\debug\~#\module\digini\digini\src\digini.o
                0x08001396                DIGINI_PostInitialize()
 .text._ZN13MemPoolDriverC2Ev
                0x080013a6      0x250 obj\debug\~#\module\digini\memory\src\lib_memory.o
                0x080013a6                MemPoolDriver::MemPoolDriver()
                0x080013a6                MemPoolDriver::MemPoolDriver()
 .text._ZN13MemPoolDriverD2Ev
                0x080015f6       0x16 obj\debug\~#\module\digini\memory\src\lib_memory.o
                0x080015f6                MemPoolDriver::~MemPoolDriver()
                0x080015f6                MemPoolDriver::~MemPoolDriver()
 .text._ZN13MemPoolDriver5AllocEjm
                0x0800160c      0x21a obj\debug\~#\module\digini\memory\src\lib_memory.o
                0x0800160c                MemPoolDriver::Alloc(unsigned int, unsigned long)
 .text._ZN13MemPoolDriver13AllocAndClearEjm
                0x08001826       0x22 obj\debug\~#\module\digini\memory\src\lib_memory.o
                0x08001826                MemPoolDriver::AllocAndClear(unsigned int, unsigned long)
 .text._ZN13MemPoolDriver11AllocAndSetEjhm
                0x08001848       0x4c obj\debug\~#\module\digini\memory\src\lib_memory.o
                0x08001848                MemPoolDriver::AllocAndSet(unsigned int, unsigned char, unsigned long)
 .text._ZN13MemPoolDriver4FreeEPPv
                0x08001894      0x136 obj\debug\~#\module\digini\memory\src\lib_memory.o
                0x08001894                MemPoolDriver::Free(void**)
 .text._ZN13MemPoolDriver11IsAvailableEj
                0x080019ca       0x68 obj\debug\~#\module\digini\memory\src\lib_memory.o
                0x080019ca                MemPoolDriver::IsAvailable(unsigned int)
 .text._ZN13MemPoolDriver12GetLastErrorEv
                0x08001a32       0x1a obj\debug\~#\module\digini\memory\src\lib_memory.o
                0x08001a32                MemPoolDriver::GetLastError()
 .text._ZN13MemPoolDriver13GetUsedMemoryEv
                0x08001a4c       0x1a obj\debug\~#\module\digini\memory\src\lib_memory.o
                0x08001a4c                MemPoolDriver::GetUsedMemory()
 .text._ZN13MemPoolDriver20GetTotalSizeReservedEv
                0x08001a66       0x18 obj\debug\~#\module\digini\memory\src\lib_memory.o
                0x08001a66                MemPoolDriver::GetTotalSizeReserved()
 .text._ZN13MemPoolDriver15GetNumberOfPoolEv
                0x08001a7e       0x16 obj\debug\~#\module\digini\memory\src\lib_memory.o
                0x08001a7e                MemPoolDriver::GetNumberOfPool()
 .text._ZN13MemPoolDriver16GetPoolBlockSizeEm
                0x08001a94       0x32 obj\debug\~#\module\digini\memory\src\lib_memory.o
                0x08001a94                MemPoolDriver::GetPoolBlockSize(unsigned long)
 .text._ZN13MemPoolDriver20GetPoolNumberOfBlockEm
                0x08001ac6       0x32 obj\debug\~#\module\digini\memory\src\lib_memory.o
                0x08001ac6                MemPoolDriver::GetPoolNumberOfBlock(unsigned long)
 .text._ZN13MemPoolDriver16GetPoolBlockUsedEm
                0x08001af8       0x2c obj\debug\~#\module\digini\memory\src\lib_memory.o
                0x08001af8                MemPoolDriver::GetPoolBlockUsed(unsigned long)
 .text._ZN13MemPoolDriver21GetPoolBlockHighPointEm
                0x08001b24       0x2c obj\debug\~#\module\digini\memory\src\lib_memory.o
                0x08001b24                MemPoolDriver::GetPoolBlockHighPoint(unsigned long)
 .text._Z41__static_initialization_and_destruction_0ii
                0x08001b50       0x44 obj\debug\~#\module\digini\memory\src\lib_memory.o
 .text._GLOBAL__sub_I__MemoryPool
                0x08001b94       0x10 obj\debug\~#\module\digini\memory\src\lib_memory.o
 .text._GLOBAL__sub_D__MemoryPool
                0x08001ba4       0x10 obj\debug\~#\module\digini\memory\src\lib_memory.o
 .text._ZN16DAC_X3508_DriverC2Ev
                0x08001bb4       0x1c obj\debug\~#\module\digini\peripheral\src\device\lib_class_spi_dacx3508.o
                0x08001bb4                DAC_X3508_Driver::DAC_X3508_Driver()
                0x08001bb4                DAC_X3508_Driver::DAC_X3508_Driver()
 .text._ZN16DAC_X3508_Driver10InitializeEP10SPI_Driver7IO_ID_e
                0x08001bd0       0x60 obj\debug\~#\module\digini\peripheral\src\device\lib_class_spi_dacx3508.o
                0x08001bd0                DAC_X3508_Driver::Initialize(SPI_Driver*, IO_ID_e)
 .text._ZN16DAC_X3508_Driver8WriteDACEit
                0x08001c30       0x32 obj\debug\~#\module\digini\peripheral\src\device\lib_class_spi_dacx3508.o
                0x08001c30                DAC_X3508_Driver::WriteDAC(int, unsigned short)
 .text._ZN16DAC_X3508_Driver10Send3BytesE15DAC_X3508_Cmd_et
                0x08001c62       0x44 obj\debug\~#\module\digini\peripheral\src\device\lib_class_spi_dacx3508.o
                0x08001c62                DAC_X3508_Driver::Send3Bytes(DAC_X3508_Cmd_e, unsigned short)
 *fill*         0x08001ca6        0x2 
 .text._Z41__static_initialization_and_destruction_0ii
                0x08001ca8       0x2c obj\debug\~#\module\digini\peripheral\src\device\lib_class_spi_dacx3508.o
 .text._GLOBAL__sub_I_DAC43508
                0x08001cd4       0x10 obj\debug\~#\module\digini\peripheral\src\device\lib_class_spi_dacx3508.o
 .text._ZN17IV_11_DigitDriverC2Ev
                0x08001ce4       0x1c obj\debug\~#\module\digini\peripheral\src\device\lib_class_spi_iv_11.o
                0x08001ce4                IV_11_DigitDriver::IV_11_DigitDriver()
                0x08001ce4                IV_11_DigitDriver::IV_11_DigitDriver()
 .text._ZN17IV_11_DigitDriver10InitializeEP10SPI_DriverPK14IV_11_Config_t
                0x08001d00       0x70 obj\debug\~#\module\digini\peripheral\src\device\lib_class_spi_iv_11.o
                0x08001d00                IV_11_DigitDriver::Initialize(SPI_Driver*, IV_11_Config_t const*)
 .text._ZN17IV_11_DigitDriver5WriteEPKc
                0x08001d70       0x98 obj\debug\~#\module\digini\peripheral\src\device\lib_class_spi_iv_11.o
                0x08001d70                IV_11_DigitDriver::Write(char const*)
 .text._ZN17IV_11_DigitDriver5WriteEhhb
                0x08001e08       0x80 obj\debug\~#\module\digini\peripheral\src\device\lib_class_spi_iv_11.o
                0x08001e08                IV_11_DigitDriver::Write(unsigned char, unsigned char, bool)
 .text._ZN17IV_11_DigitDriver17WriteEncodedValueEhh
                0x08001e88       0xfc obj\debug\~#\module\digini\peripheral\src\device\lib_class_spi_iv_11.o
                0x08001e88                IV_11_DigitDriver::WriteEncodedValue(unsigned char, unsigned char)
 .text._ZN17IV_11_DigitDriver4LoadEv
                0x08001f84       0x2c obj\debug\~#\module\digini\peripheral\src\device\lib_class_spi_iv_11.o
                0x08001f84                IV_11_DigitDriver::Load()
 .text._ZN17IV_11_DigitDriver5BlankEb
                0x08001fb0       0x18 obj\debug\~#\module\digini\peripheral\src\device\lib_class_spi_iv_11.o
                0x08001fb0                IV_11_DigitDriver::Blank(bool)
 .text._ZN17IV_11_DigitDriver3DimEh
                0x08001fc8       0x18 obj\debug\~#\module\digini\peripheral\src\device\lib_class_spi_iv_11.o
                0x08001fc8                IV_11_DigitDriver::Dim(unsigned char)
 .text._Z41__static_initialization_and_destruction_0ii
                0x08001fe0       0x2c obj\debug\~#\module\digini\peripheral\src\device\lib_class_spi_iv_11.o
 .text._GLOBAL__sub_I_IV11
                0x0800200c       0x10 obj\debug\~#\module\digini\peripheral\src\device\lib_class_spi_iv_11.o
 .text._ZN10VFD_DriverC2Ev
                0x0800201c       0x28 obj\debug\~#\module\digini\peripheral\src\device\lib_class_spi_vfd.o
                0x0800201c                VFD_Driver::VFD_Driver()
                0x0800201c                VFD_Driver::VFD_Driver()
 .text._ZN10VFD_Driver10InitializeEPK12VFD_Config_t
                0x08002044       0xb4 obj\debug\~#\module\digini\peripheral\src\device\lib_class_spi_vfd.o
                0x08002044                VFD_Driver::Initialize(VFD_Config_t const*)
 .text._ZN10VFD_Driver4SendEv
                0x080020f8       0x44 obj\debug\~#\module\digini\peripheral\src\device\lib_class_spi_vfd.o
                0x080020f8                VFD_Driver::Send()
 .text._ZN10VFD_Driver3DimEh
                0x0800213c       0x34 obj\debug\~#\module\digini\peripheral\src\device\lib_class_spi_vfd.o
                0x0800213c                VFD_Driver::Dim(unsigned char)
 .text._ZN10VFD_Driver5BlankEb
                0x08002170       0x42 obj\debug\~#\module\digini\peripheral\src\device\lib_class_spi_vfd.o
                0x08002170                VFD_Driver::Blank(bool)
 *fill*         0x080021b2        0x2 
 .text._Z41__static_initialization_and_destruction_0ii
                0x080021b4       0x2c obj\debug\~#\module\digini\peripheral\src\device\lib_class_spi_vfd.o
 .text._GLOBAL__sub_I_VFD
                0x080021e0       0x10 obj\debug\~#\module\digini\peripheral\src\device\lib_class_spi_vfd.o
 .text._ZN10DMA_Driver10InitializeEP10DMA_Info_t
                0x080021f0       0x48 obj\debug\~#\module\digini\peripheral\src\port\stm32f4xx\lib_class_stm32f4_dma.o
                0x080021f0                DMA_Driver::Initialize(DMA_Info_t*)
 .text._ZN10DMA_Driver11SetTransferEPvS0_j
                0x08002238       0x4c obj\debug\~#\module\digini\peripheral\src\port\stm32f4xx\lib_class_stm32f4_dma.o
                0x08002238                DMA_Driver::SetTransfer(void*, void*, unsigned int)
 .text._ZN10DMA_Driver9SetSourceEPv
                0x08002284       0x30 obj\debug\~#\module\digini\peripheral\src\port\stm32f4xx\lib_class_stm32f4_dma.o
                0x08002284                DMA_Driver::SetSource(void*)
 .text._ZN10DMA_Driver14SetDestinationEPv
                0x080022b4       0x30 obj\debug\~#\module\digini\peripheral\src\port\stm32f4xx\lib_class_stm32f4_dma.o
                0x080022b4                DMA_Driver::SetDestination(void*)
 .text._ZN10DMA_Driver9ClearFlagEm
                0x080022e4      0x14c obj\debug\~#\module\digini\peripheral\src\port\stm32f4xx\lib_class_stm32f4_dma.o
                0x080022e4                DMA_Driver::ClearFlag(unsigned long)
 .text._ZN10DMA_Driver9CheckFlagEm
                0x08002430      0x158 obj\debug\~#\module\digini\peripheral\src\port\stm32f4xx\lib_class_stm32f4_dma.o
                0x08002430                DMA_Driver::CheckFlag(unsigned long)
 .text._ZN10DMA_Driver11EnableClockEv
                0x08002588       0x44 obj\debug\~#\module\digini\peripheral\src\port\stm32f4xx\lib_class_stm32f4_dma.o
                0x08002588                DMA_Driver::EnableClock()
 .text._ZN10DMA_Driver9EnableIRQEh
                0x080025cc       0x24 obj\debug\~#\module\digini\peripheral\src\port\stm32f4xx\lib_class_stm32f4_dma.o
                0x080025cc                DMA_Driver::EnableIRQ(unsigned char)
 .text._ZN10PWM_DriverC2E15PWM_ChannelID_eP10TIM_Driver
                0x080025f0       0x38 obj\debug\~#\module\digini\peripheral\src\port\stm32f4xx\lib_class_stm32f4_pwm.o
                0x080025f0                PWM_Driver::PWM_Driver(PWM_ChannelID_e, TIM_Driver*)
                0x080025f0                PWM_Driver::PWM_Driver(PWM_ChannelID_e, TIM_Driver*)
 .text._ZN10PWM_Driver10InitializeEv
                0x08002628       0xfc obj\debug\~#\module\digini\peripheral\src\port\stm32f4xx\lib_class_stm32f4_pwm.o
                0x08002628                PWM_Driver::Initialize()
 .text._ZN10PWM_Driver7SetDutyEt
                0x08002724       0x26 obj\debug\~#\module\digini\peripheral\src\port\stm32f4xx\lib_class_stm32f4_pwm.o
                0x08002724                PWM_Driver::SetDuty(unsigned short)
 .text._ZN10PWM_Driver5StartEv
                0x0800274a       0x22 obj\debug\~#\module\digini\peripheral\src\port\stm32f4xx\lib_class_stm32f4_pwm.o
                0x0800274a                PWM_Driver::Start()
 .text._ZN10PWM_Driver4StopEv
                0x0800276c       0x22 obj\debug\~#\module\digini\peripheral\src\port\stm32f4xx\lib_class_stm32f4_pwm.o
                0x0800276c                PWM_Driver::Stop()
 *fill*         0x0800278e        0x2 
 .text._Z41__static_initialization_and_destruction_0ii
                0x08002790       0x34 obj\debug\~#\module\digini\peripheral\src\port\stm32f4xx\lib_class_stm32f4_pwm.o
 .text._GLOBAL__sub_I_myPWM_VFD_Blank
                0x080027c4       0x10 obj\debug\~#\module\digini\peripheral\src\port\stm32f4xx\lib_class_stm32f4_pwm.o
 .text._ZN10DMA_Driver6EnableEv
                0x080027d4       0x24 obj\debug\~#\module\digini\peripheral\src\port\stm32f4xx\lib_class_stm32f4_spi.o
                0x080027d4                DMA_Driver::Enable()
 .text._ZN10DMA_Driver7DisableEv
                0x080027f8       0x24 obj\debug\~#\module\digini\peripheral\src\port\stm32f4xx\lib_class_stm32f4_spi.o
                0x080027f8                DMA_Driver::Disable()
 .text._ZN10DMA_Driver9ClearFlagEv
                0x0800281c       0x1c obj\debug\~#\module\digini\peripheral\src\port\stm32f4xx\lib_class_stm32f4_spi.o
                0x0800281c                DMA_Driver::ClearFlag()
 .text._ZN10DMA_Driver9SetLengthEj
                0x08002838       0x1e obj\debug\~#\module\digini\peripheral\src\port\stm32f4xx\lib_class_stm32f4_spi.o
                0x08002838                DMA_Driver::SetLength(unsigned int)
 .text._ZN10DMA_Driver18SetMemoryIncrementEv
                0x08002856       0x24 obj\debug\~#\module\digini\peripheral\src\port\stm32f4xx\lib_class_stm32f4_spi.o
                0x08002856                DMA_Driver::SetMemoryIncrement()
 .text._ZN10DMA_Driver20SetNoMemoryIncrementEv
                0x0800287a       0x24 obj\debug\~#\module\digini\peripheral\src\port\stm32f4xx\lib_class_stm32f4_spi.o
                0x0800287a                DMA_Driver::SetNoMemoryIncrement()
 .text._ZN10DMA_Driver31EnableTransmitCompleteInterruptEv
                0x0800289e       0x24 obj\debug\~#\module\digini\peripheral\src\port\stm32f4xx\lib_class_stm32f4_spi.o
                0x0800289e                DMA_Driver::EnableTransmitCompleteInterrupt()
 *fill*         0x080028c2        0x2 
 .text._ZN10SPI_DriverC2E8SPI_ID_e
                0x080028c4       0x5c obj\debug\~#\module\digini\peripheral\src\port\stm32f4xx\lib_class_stm32f4_spi.o
                0x080028c4                SPI_Driver::SPI_Driver(SPI_ID_e)
                0x080028c4                SPI_Driver::SPI_Driver(SPI_ID_e)
 .text._ZN10SPI_Driver10InitializeEv
                0x08002920      0x154 obj\debug\~#\module\digini\peripheral\src\port\stm32f4xx\lib_class_stm32f4_spi.o
                0x08002920                SPI_Driver::Initialize()
 .text._ZN10SPI_Driver12LockToDeviceE7IO_ID_e
                0x08002a74       0x60 obj\debug\~#\module\digini\peripheral\src\port\stm32f4xx\lib_class_stm32f4_spi.o
                0x08002a74                SPI_Driver::LockToDevice(IO_ID_e)
 .text._ZN10SPI_Driver16UnlockFromDeviceE7IO_ID_e
                0x08002ad4       0x5c obj\debug\~#\module\digini\peripheral\src\port\stm32f4xx\lib_class_stm32f4_spi.o
                0x08002ad4                SPI_Driver::UnlockFromDevice(IO_ID_e)
 .text._ZN10SPI_Driver6ConfigEmm
                0x08002b30       0x6e obj\debug\~#\module\digini\peripheral\src\port\stm32f4xx\lib_class_stm32f4_spi.o
                0x08002b30                SPI_Driver::Config(unsigned long, unsigned long)
 .text._ZN10SPI_Driver5WriteEPhj
                0x08002b9e       0x26 obj\debug\~#\module\digini\peripheral\src\port\stm32f4xx\lib_class_stm32f4_spi.o
                0x08002b9e                SPI_Driver::Write(unsigned char*, unsigned int)
 .text._ZN10SPI_Driver5WriteEPhj7IO_ID_e
                0x08002bc4       0x2e obj\debug\~#\module\digini\peripheral\src\port\stm32f4xx\lib_class_stm32f4_spi.o
                0x08002bc4                SPI_Driver::Write(unsigned char*, unsigned int, IO_ID_e)
 .text._ZN10SPI_Driver5WriteEh
                0x08002bf2       0x26 obj\debug\~#\module\digini\peripheral\src\port\stm32f4xx\lib_class_stm32f4_spi.o
                0x08002bf2                SPI_Driver::Write(unsigned char)
 .text._ZN10SPI_Driver5WriteEh7IO_ID_e
                0x08002c18       0x30 obj\debug\~#\module\digini\peripheral\src\port\stm32f4xx\lib_class_stm32f4_spi.o
                0x08002c18                SPI_Driver::Write(unsigned char, IO_ID_e)
 .text._ZN10SPI_Driver4ReadEPhj
                0x08002c48       0x26 obj\debug\~#\module\digini\peripheral\src\port\stm32f4xx\lib_class_stm32f4_spi.o
                0x08002c48                SPI_Driver::Read(unsigned char*, unsigned int)
 .text._ZN10SPI_Driver4ReadEPhj7IO_ID_e
                0x08002c6e       0x2e obj\debug\~#\module\digini\peripheral\src\port\stm32f4xx\lib_class_stm32f4_spi.o
                0x08002c6e                SPI_Driver::Read(unsigned char*, unsigned int, IO_ID_e)
 .text._ZN10SPI_Driver4ReadEPh
                0x08002c9c       0x24 obj\debug\~#\module\digini\peripheral\src\port\stm32f4xx\lib_class_stm32f4_spi.o
                0x08002c9c                SPI_Driver::Read(unsigned char*)
 .text._ZN10SPI_Driver4ReadEPh7IO_ID_e
                0x08002cc0       0x2e obj\debug\~#\module\digini\peripheral\src\port\stm32f4xx\lib_class_stm32f4_spi.o
                0x08002cc0                SPI_Driver::Read(unsigned char*, IO_ID_e)
 .text._ZN10SPI_Driver8TransferEPhmS0_m7IO_ID_e
                0x08002cee       0x58 obj\debug\~#\module\digini\peripheral\src\port\stm32f4xx\lib_class_stm32f4_spi.o
                0x08002cee                SPI_Driver::Transfer(unsigned char*, unsigned long, unsigned char*, unsigned long, IO_ID_e)
 .text._ZN10SPI_Driver8TransferEPhmS0_m
                0x08002d46      0x2b2 obj\debug\~#\module\digini\peripheral\src\port\stm32f4xx\lib_class_stm32f4_spi.o
                0x08002d46                SPI_Driver::Transfer(unsigned char*, unsigned long, unsigned char*, unsigned long)
 .text._ZN10SPI_Driver23OverrideMemoryIncrementEv
                0x08002ff8       0x1c obj\debug\~#\module\digini\peripheral\src\port\stm32f4xx\lib_class_stm32f4_spi.o
                0x08002ff8                SPI_Driver::OverrideMemoryIncrement()
 .text._ZN10SPI_Driver9WaitReadyEv
                0x08003014       0xd8 obj\debug\~#\module\digini\peripheral\src\port\stm32f4xx\lib_class_stm32f4_spi.o
                0x08003014                SPI_Driver::WaitReady()
 .text._ZN10SPI_Driver10IRQHandlerEv
                0x080030ec       0x14 obj\debug\~#\module\digini\peripheral\src\port\stm32f4xx\lib_class_stm32f4_spi.o
                0x080030ec                SPI_Driver::IRQHandler()
 .text._ZN10SPI_Driver7WaitDMAEv
                0x08003100       0xb4 obj\debug\~#\module\digini\peripheral\src\port\stm32f4xx\lib_class_stm32f4_spi.o
                0x08003100                SPI_Driver::WaitDMA()
 .text._ZN10SPI_Driver18DMA_TX_IRQ_HandlerE8SPI_ID_e
                0x080031b4       0x34 obj\debug\~#\module\digini\peripheral\src\port\stm32f4xx\lib_class_stm32f4_spi.o
                0x080031b4                SPI_Driver::DMA_TX_IRQ_Handler(SPI_ID_e)
 .text._ZN10SPI_Driver18DMA_RX_IRQ_HandlerE8SPI_ID_e
                0x080031e8       0x34 obj\debug\~#\module\digini\peripheral\src\port\stm32f4xx\lib_class_stm32f4_spi.o
                0x080031e8                SPI_Driver::DMA_RX_IRQ_Handler(SPI_ID_e)
 .text._Z41__static_initialization_and_destruction_0ii
                0x0800321c       0x3c obj\debug\~#\module\digini\peripheral\src\port\stm32f4xx\lib_class_stm32f4_spi.o
 .text._GLOBAL__sub_I_SPI_Info
                0x08003258       0x10 obj\debug\~#\module\digini\peripheral\src\port\stm32f4xx\lib_class_stm32f4_spi.o
 .text._ZN10TIM_DriverC2E8TIM_ID_e
                0x08003268       0x34 obj\debug\~#\module\digini\peripheral\src\port\stm32f4xx\lib_class_stm32f4_tim.o
                0x08003268                TIM_Driver::TIM_Driver(TIM_ID_e)
                0x08003268                TIM_Driver::TIM_Driver(TIM_ID_e)
 .text._ZN10TIM_Driver10InitializeEv
                0x0800329c      0x130 obj\debug\~#\module\digini\peripheral\src\port\stm32f4xx\lib_class_stm32f4_tim.o
                0x0800329c                TIM_Driver::Initialize()
 .text._ZN10TIM_Driver16RegisterCallBackEPFv15TIM_TypeMatch_eE
                0x080033cc       0x1c obj\debug\~#\module\digini\peripheral\src\port\stm32f4xx\lib_class_stm32f4_tim.o
                0x080033cc                TIM_Driver::RegisterCallBack(void (*)(TIM_TypeMatch_e))
 .text._ZN10TIM_Driver5StartEv
                0x080033e8       0x28 obj\debug\~#\module\digini\peripheral\src\port\stm32f4xx\lib_class_stm32f4_tim.o
                0x080033e8                TIM_Driver::Start()
 .text._ZN10TIM_Driver7ReStartEv
                0x08003410       0x44 obj\debug\~#\module\digini\peripheral\src\port\stm32f4xx\lib_class_stm32f4_tim.o
                0x08003410                TIM_Driver::ReStart()
 .text._ZN10TIM_Driver4StopEv
                0x08003454       0x28 obj\debug\~#\module\digini\peripheral\src\port\stm32f4xx\lib_class_stm32f4_tim.o
                0x08003454                TIM_Driver::Stop()
 .text._ZN10TIM_Driver9SetReloadEm
                0x0800347c       0x4e obj\debug\~#\module\digini\peripheral\src\port\stm32f4xx\lib_class_stm32f4_tim.o
                0x0800347c                TIM_Driver::SetReload(unsigned long)
 .text._ZN10TIM_Driver9GetReloadEv
                0x080034ca       0x1a obj\debug\~#\module\digini\peripheral\src\port\stm32f4xx\lib_class_stm32f4_tim.o
                0x080034ca                TIM_Driver::GetReload()
 .text._ZN10TIM_Driver15GetCounterValueEv
                0x080034e4       0x1a obj\debug\~#\module\digini\peripheral\src\port\stm32f4xx\lib_class_stm32f4_tim.o
                0x080034e4                TIM_Driver::GetCounterValue()
 *fill*         0x080034fe        0x2 
 .text._ZN10TIM_Driver25ClearConfigCompareChannelE13TIM_Compare_e
                0x08003500       0xe0 obj\debug\~#\module\digini\peripheral\src\port\stm32f4xx\lib_class_stm32f4_tim.o
                0x08003500                TIM_Driver::ClearConfigCompareChannel(TIM_Compare_e)
 .text._ZN10TIM_Driver17SetCompareChannelE13TIM_Compare_em
                0x080035e0       0x64 obj\debug\~#\module\digini\peripheral\src\port\stm32f4xx\lib_class_stm32f4_tim.o
                0x080035e0                TIM_Driver::SetCompareChannel(TIM_Compare_e, unsigned long)
 .text._ZN10TIM_Driver20EnableCompareChannelE13TIM_Compare_e
                0x08003644       0x94 obj\debug\~#\module\digini\peripheral\src\port\stm32f4xx\lib_class_stm32f4_tim.o
                0x08003644                TIM_Driver::EnableCompareChannel(TIM_Compare_e)
 .text._ZN10TIM_Driver21DisableCompareChannelE13TIM_Compare_e
                0x080036d8       0x94 obj\debug\~#\module\digini\peripheral\src\port\stm32f4xx\lib_class_stm32f4_tim.o
                0x080036d8                TIM_Driver::DisableCompareChannel(TIM_Compare_e)
 .text._ZN10TIM_Driver15GetTimerPointerEv
                0x0800376c       0x18 obj\debug\~#\module\digini\peripheral\src\port\stm32f4xx\lib_class_stm32f4_tim.o
                0x0800376c                TIM_Driver::GetTimerPointer()
 .text._Z41__static_initialization_and_destruction_0ii
                0x08003784       0x30 obj\debug\~#\module\digini\peripheral\src\port\stm32f4xx\lib_class_stm32f4_tim.o
 .text._GLOBAL__sub_I_myTIM_VFD
                0x080037b4       0x10 obj\debug\~#\module\digini\peripheral\src\port\stm32f4xx\lib_class_stm32f4_tim.o
 .text._Z10IO_PinInit7IO_ID_e
                0x080037c4       0x60 obj\debug\~#\module\digini\peripheral\src\port\stm32f4xx\lib_stm32f4_io.o
                0x080037c4                IO_PinInit(IO_ID_e)
 .text._Z10IO_PinInitP12GPIO_TypeDefmmmmm
                0x08003824      0x162 obj\debug\~#\module\digini\peripheral\src\port\stm32f4xx\lib_stm32f4_io.o
                0x08003824                IO_PinInit(GPIO_TypeDef*, unsigned long, unsigned long, unsigned long, unsigned long, unsigned long)
 *fill*         0x08003986        0x2 
 .text._Z15IO_PinInitInput7IO_ID_e
                0x08003988       0x60 obj\debug\~#\module\digini\peripheral\src\port\stm32f4xx\lib_stm32f4_io.o
                0x08003988                IO_PinInitInput(IO_ID_e)
 .text._Z16IO_PinInitOutput7IO_ID_e
                0x080039e8       0x74 obj\debug\~#\module\digini\peripheral\src\port\stm32f4xx\lib_stm32f4_io.o
                0x080039e8                IO_PinInitOutput(IO_ID_e)
 .text._Z12IO_SetPinLow7IO_ID_e
                0x08003a5c       0x58 obj\debug\~#\module\digini\peripheral\src\port\stm32f4xx\lib_stm32f4_io.o
                0x08003a5c                IO_SetPinLow(IO_ID_e)
 .text._Z13IO_SetPinHigh7IO_ID_e
                0x08003ab4       0x58 obj\debug\~#\module\digini\peripheral\src\port\stm32f4xx\lib_stm32f4_io.o
                0x08003ab4                IO_SetPinHigh(IO_ID_e)
 .text._Z12IO_TogglePin7IO_ID_e
                0x08003b0c       0x5c obj\debug\~#\module\digini\peripheral\src\port\stm32f4xx\lib_stm32f4_io.o
                0x08003b0c                IO_TogglePin(IO_ID_e)
 .text._Z9IO_SetPin7IO_ID_eb
                0x08003b68       0x34 obj\debug\~#\module\digini\peripheral\src\port\stm32f4xx\lib_stm32f4_io.o
                0x08003b68                IO_SetPin(IO_ID_e, bool)
 .text._Z19IO_GetInputPinValue7IO_ID_e
                0x08003b9c       0x5c obj\debug\~#\module\digini\peripheral\src\port\stm32f4xx\lib_stm32f4_io.o
                0x08003b9c                IO_GetInputPinValue(IO_ID_e)
 .text._Z14IO_GetInputPin7IO_ID_e
                0x08003bf8       0x28 obj\debug\~#\module\digini\peripheral\src\port\stm32f4xx\lib_stm32f4_io.o
                0x08003bf8                IO_GetInputPin(IO_ID_e)
 .text._Z15IO_GetOutputPin7IO_ID_e
                0x08003c20       0x70 obj\debug\~#\module\digini\peripheral\src\port\stm32f4xx\lib_stm32f4_io.o
                0x08003c20                IO_GetOutputPin(IO_ID_e)
 .text._Z12IO_IsItValid7IO_ID_e
                0x08003c90       0x3c obj\debug\~#\module\digini\peripheral\src\port\stm32f4xx\lib_stm32f4_io.o
                0x08003c90                IO_IsItValid(IO_ID_e)
 .text._Z20IO_PinLowLevelAccessmmmm
                0x08003ccc       0x84 obj\debug\~#\module\digini\peripheral\src\port\stm32f4xx\lib_stm32f4_io.o
                0x08003ccc                IO_PinLowLevelAccess(unsigned long, unsigned long, unsigned long, unsigned long)
 .text._Z14IO_EnableClockP12GPIO_TypeDef
                0x08003d50       0x3c obj\debug\~#\module\digini\peripheral\src\port\stm32f4xx\lib_stm32f4_io.o
                0x08003d50                IO_EnableClock(GPIO_TypeDef*)
 .text.NVIC_SetPriorityGrouping
                0x08003d8c       0x48 obj\debug\~#\module\digini\peripheral\src\port\stm32f4xx\lib_stm32f4_isr.o
 .text.NVIC_GetPriorityGrouping
                0x08003dd4       0x1c obj\debug\~#\module\digini\peripheral\src\port\stm32f4xx\lib_stm32f4_isr.o
 .text.NVIC_EnableIRQ
                0x08003df0       0x34 obj\debug\~#\module\digini\peripheral\src\port\stm32f4xx\lib_stm32f4_isr.o
 .text.NVIC_SetPriority
                0x08003e24       0x54 obj\debug\~#\module\digini\peripheral\src\port\stm32f4xx\lib_stm32f4_isr.o
 .text.NVIC_EncodePriority
                0x08003e78       0x66 obj\debug\~#\module\digini\peripheral\src\port\stm32f4xx\lib_stm32f4_isr.o
 .text._Z14ISR_Initializev
                0x08003ede       0x10 obj\debug\~#\module\digini\peripheral\src\port\stm32f4xx\lib_stm32f4_isr.o
                0x08003ede                ISR_Initialize()
 .text._Z8ISR_Init4IRQnPK10ISR_Prio_t
                0x08003eee       0x46 obj\debug\~#\module\digini\peripheral\src\port\stm32f4xx\lib_stm32f4_isr.o
                0x08003eee                ISR_Init(IRQn, ISR_Prio_t const*)
 .text._Z8ISR_Init4IRQnh
                0x08003f34       0x3a obj\debug\~#\module\digini\peripheral\src\port\stm32f4xx\lib_stm32f4_isr.o
                0x08003f34                ISR_Init(IRQn, unsigned char)
 *fill*         0x08003f6e        0x2 
 .text.SystemInit
                0x08003f70       0x84 obj\debug\~#\module\digini\peripheral\src\port\stm32f4xx\system_clock.o
                0x08003f70                SystemInit
 .text.SysTick_Handler
                0x08003ff4       0x18 obj\debug\~#\module\digini\rtos_wrapper\src\nos\lib_nos_tick.o
                0x08003ff4                SysTick_Handler
 .text.SysTick_Handler_ISR
                0x0800400c        0xe obj\debug\~#\module\digini\rtos_wrapper\src\nos\lib_nos_tick.o
                0x0800400c                SysTick_Handler_ISR
 .text._ZN9BIT_ArrayC2EPhj
                0x0800401a       0x26 obj\debug\~#\module\digini\utility\src\lib_class_bit_array.o
                0x0800401a                BIT_Array::BIT_Array(unsigned char*, unsigned int)
                0x0800401a                BIT_Array::BIT_Array(unsigned char*, unsigned int)
 .text._ZN9BIT_Array3GetEm
                0x08004040       0x42 obj\debug\~#\module\digini\utility\src\lib_class_bit_array.o
                0x08004040                BIT_Array::Get(unsigned long)
 .text._ZN9BIT_Array3SetEmb
                0x08004082       0x60 obj\debug\~#\module\digini\utility\src\lib_class_bit_array.o
                0x08004082                BIT_Array::Set(unsigned long, bool)
 *fill*         0x080040e2        0x2 
 .text._ZN9BIT_Array3SetEmPhj
                0x080040e4       0xc4 obj\debug\~#\module\digini\utility\src\lib_class_bit_array.o
                0x080040e4                BIT_Array::Set(unsigned long, unsigned char*, unsigned int)
 .text._ZN9BIT_Array4FillEb
                0x080041a8       0x4e obj\debug\~#\module\digini\utility\src\lib_class_bit_array.o
                0x080041a8                BIT_Array::Fill(bool)
 .text._ZN9BIT_Array14GetBytePointerEm
                0x080041f6       0x2e obj\debug\~#\module\digini\utility\src\lib_class_bit_array.o
                0x080041f6                BIT_Array::GetBytePointer(unsigned long)
 .text._ZN9BIT_Array10GetBitMaskEm
                0x08004224       0x32 obj\debug\~#\module\digini\utility\src\lib_class_bit_array.o
                0x08004224                BIT_Array::GetBitMask(unsigned long)
 .text.nOS_CreateEvent
                0x08004256       0x2a obj\debug\~#\module\nos\src\nosevent.o
                0x08004256                nOS_CreateEvent
 .text.nOS_DeleteEvent
                0x08004280       0x20 obj\debug\~#\module\nos\src\nosevent.o
                0x08004280                nOS_DeleteEvent
 .text.nOS_BroadcastEvent
                0x080042a0       0x2c obj\debug\~#\module\nos\src\nosevent.o
                0x080042a0                nOS_BroadcastEvent
 .text.nOS_WaitForEvent
                0x080042cc       0xe4 obj\debug\~#\module\nos\src\nosevent.o
                0x080042cc                nOS_WaitForEvent
 .text.nOS_WaitOnHold
                0x080043b0       0x54 obj\debug\~#\module\nos\src\nosevent.o
                0x080043b0                nOS_WaitOnHold
 .text.nOS_SendEvent
                0x08004404       0x3c obj\debug\~#\module\nos\src\nosevent.o
                0x08004404                nOS_SendEvent
 .text._GetHighestFlag
                0x08004440       0x5a obj\debug\~#\module\nos\src\nosflag.o
 .text._TestFlag
                0x0800449a       0xc4 obj\debug\~#\module\nos\src\nosflag.o
 .text.nOS_FlagCreate
                0x0800455e       0x7c obj\debug\~#\module\nos\src\nosflag.o
                0x0800455e                nOS_FlagCreate
 *fill*         0x080045da        0x2 
 .text.nOS_FlagWait
                0x080045dc      0x12c obj\debug\~#\module\nos\src\nosflag.o
                0x080045dc                nOS_FlagWait
 .text.nOS_FlagSend
                0x08004708       0xb4 obj\debug\~#\module\nos\src\nosflag.o
                0x08004708                nOS_FlagSend
 .text.nOS_AppendToList
                0x080047bc       0x48 obj\debug\~#\module\nos\src\noslist.o
                0x080047bc                nOS_AppendToList
 .text.nOS_RemoveFromList
                0x08004804       0x6a obj\debug\~#\module\nos\src\noslist.o
                0x08004804                nOS_RemoveFromList
 .text.nOS_RotateList
                0x0800486e       0x5e obj\debug\~#\module\nos\src\noslist.o
                0x0800486e                nOS_RotateList
 .text.nOS_WalkInList
                0x080048cc       0x3a obj\debug\~#\module\nos\src\noslist.o
                0x080048cc                nOS_WalkInList
 .text._SanityCheck
                0x08004906       0xae obj\debug\~#\module\nos\src\nosmem.o
 .text.nOS_MemCreate
                0x080049b4      0x120 obj\debug\~#\module\nos\src\nosmem.o
                0x080049b4                nOS_MemCreate
 .text.nOS_MemAlloc
                0x08004ad4       0xac obj\debug\~#\module\nos\src\nosmem.o
                0x08004ad4                nOS_MemAlloc
 .text.nOS_MemFree
                0x08004b80       0xba obj\debug\~#\module\nos\src\nosmem.o
                0x08004b80                nOS_MemFree
 .text.nOS_MemIsAvailable
                0x08004c3a       0x70 obj\debug\~#\module\nos\src\nosmem.o
                0x08004c3a                nOS_MemIsAvailable
 .text.nOS_MemAvailable
                0x08004caa       0x68 obj\debug\~#\module\nos\src\nosmem.o
                0x08004caa                nOS_MemAvailable
 .text._TestPrioHighest
                0x08004d12       0x32 obj\debug\~#\module\nos\src\nosmutex.o
 .text._FindHighestPrioWaiting
                0x08004d44       0x2c obj\debug\~#\module\nos\src\nosmutex.o
 .text.nOS_MutexCreate
                0x08004d70       0xa4 obj\debug\~#\module\nos\src\nosmutex.o
                0x08004d70                nOS_MutexCreate
 .text.nOS_MutexLock
                0x08004e14      0x14c obj\debug\~#\module\nos\src\nosmutex.o
                0x08004e14                nOS_MutexLock
 .text.nOS_MutexUnlock
                0x08004f60      0x138 obj\debug\~#\module\nos\src\nosmutex.o
                0x08004f60                nOS_MutexUnlock
 .text.nOS_MutexIsLocked
                0x08005098       0x70 obj\debug\~#\module\nos\src\nosmutex.o
                0x08005098                nOS_MutexIsLocked
 .text.nOS_MutexGetOwner
                0x08005108       0x68 obj\debug\~#\module\nos\src\nosmutex.o
                0x08005108                nOS_MutexGetOwner
 .text._Append  0x08005170       0x52 obj\debug\~#\module\nos\src\nosqueue.o
 .text._Prepend
                0x080051c2       0x52 obj\debug\~#\module\nos\src\nosqueue.o
 .text._Read    0x08005214       0x52 obj\debug\~#\module\nos\src\nosqueue.o
 .text._Flush   0x08005266       0x26 obj\debug\~#\module\nos\src\nosqueue.o
 .text._WriteQueue
                0x0800528c      0x12c obj\debug\~#\module\nos\src\nosqueue.o
 .text.nOS_QueueCreate
                0x080053b8       0xbc obj\debug\~#\module\nos\src\nosqueue.o
                0x080053b8                nOS_QueueCreate
 .text.nOS_QueueRead
                0x08005474       0xf4 obj\debug\~#\module\nos\src\nosqueue.o
                0x08005474                nOS_QueueRead
 .text.nOS_QueuePeek
                0x08005568       0x9e obj\debug\~#\module\nos\src\nosqueue.o
                0x08005568                nOS_QueuePeek
 .text.nOS_QueueWrite
                0x08005606       0x22 obj\debug\~#\module\nos\src\nosqueue.o
                0x08005606                nOS_QueueWrite
 .text.nOS_QueueWriteInFront
                0x08005628       0x22 obj\debug\~#\module\nos\src\nosqueue.o
                0x08005628                nOS_QueueWriteInFront
 .text.nOS_QueueFlush
                0x0800564a       0xcc obj\debug\~#\module\nos\src\nosqueue.o
                0x0800564a                nOS_QueueFlush
 .text.nOS_QueueIsEmpty
                0x08005716       0x82 obj\debug\~#\module\nos\src\nosqueue.o
                0x08005716                nOS_QueueIsEmpty
 .text.nOS_QueueIsFull
                0x08005798       0x9e obj\debug\~#\module\nos\src\nosqueue.o
                0x08005798                nOS_QueueIsFull
 .text.nOS_QueueGetCount
                0x08005836       0x68 obj\debug\~#\module\nos\src\nosqueue.o
                0x08005836                nOS_QueueGetCount
 *fill*         0x0800589e        0x2 
 .text.nOS_FindHighPrioThread
                0x080058a0       0x44 obj\debug\~#\module\nos\src\nossched.o
                0x080058a0                nOS_FindHighPrioThread
 .text.nOS_AppendThreadToReadyList
                0x080058e4       0x44 obj\debug\~#\module\nos\src\nossched.o
                0x080058e4                nOS_AppendThreadToReadyList
 .text.nOS_RemoveThreadFromReadyList
                0x08005928       0x54 obj\debug\~#\module\nos\src\nossched.o
                0x08005928                nOS_RemoveThreadFromReadyList
 .text.nOS_Schedule
                0x0800597c       0xb4 obj\debug\~#\module\nos\src\nossched.o
                0x0800597c                nOS_Schedule
 .text.nOS_Init
                0x08005a30      0x118 obj\debug\~#\module\nos\src\nossched.o
                0x08005a30                nOS_Init
 .text.nOS_Start
                0x08005b48       0x7c obj\debug\~#\module\nos\src\nossched.o
                0x08005b48                nOS_Start
 .text.nOS_Yield
                0x08005bc4       0x90 obj\debug\~#\module\nos\src\nossched.o
                0x08005bc4                nOS_Yield
 .text.nOS_Tick
                0x08005c54       0x7c obj\debug\~#\module\nos\src\nossched.o
                0x08005c54                nOS_Tick
 .text.nOS_GetTickCount
                0x08005cd0       0x50 obj\debug\~#\module\nos\src\nossched.o
                0x08005cd0                nOS_GetTickCount
 .text.nOS_Sleep
                0x08005d20       0x8c obj\debug\~#\module\nos\src\nossched.o
                0x08005d20                nOS_Sleep
 .text.nOS_SleepMs
                0x08005dac       0xcc obj\debug\~#\module\nos\src\nossched.o
                0x08005dac                nOS_SleepMs
 .text.nOS_SchedLock
                0x08005e78       0x84 obj\debug\~#\module\nos\src\nossched.o
                0x08005e78                nOS_SchedLock
 .text.nOS_SchedUnlock
                0x08005efc       0x8c obj\debug\~#\module\nos\src\nossched.o
                0x08005efc                nOS_SchedUnlock
 .text.nOS_GetRunningThread
                0x08005f88       0x6c obj\debug\~#\module\nos\src\nossched.o
                0x08005f88                nOS_GetRunningThread
 .text.nOS_SemCreate
                0x08005ff4       0x8a obj\debug\~#\module\nos\src\nossem.o
                0x08005ff4                nOS_SemCreate
 .text.nOS_SemTake
                0x0800607e       0x94 obj\debug\~#\module\nos\src\nossem.o
                0x0800607e                nOS_SemTake
 .text.nOS_SemGive
                0x08006112       0xa8 obj\debug\~#\module\nos\src\nossem.o
                0x08006112                nOS_SemGive
 .text.nOS_SemIsAvailable
                0x080061ba       0x70 obj\debug\~#\module\nos\src\nossem.o
                0x080061ba                nOS_SemIsAvailable
 *fill*         0x0800622a        0x2 
 .text.nOS_TickThread
                0x0800622c       0x54 obj\debug\~#\module\nos\src\nosthread.o
                0x0800622c                nOS_TickThread
 .text.nOS_WakeUpThread
                0x08006280       0x7c obj\debug\~#\module\nos\src\nosthread.o
                0x08006280                nOS_WakeUpThread
 .text.nOS_SetThreadPrio
                0x080062fc       0x40 obj\debug\~#\module\nos\src\nosthread.o
                0x080062fc                nOS_SetThreadPrio
 .text.nOS_ThreadCreate
                0x0800633c      0x108 obj\debug\~#\module\nos\src\nosthread.o
                0x0800633c                nOS_ThreadCreate
 .text.nOS_ThreadDelete
                0x08006444      0x118 obj\debug\~#\module\nos\src\nosthread.o
                0x08006444                nOS_ThreadDelete
 .text._TickTime
                0x0800655c       0x34 obj\debug\~#\module\nos\src\nostime.o
 .text.nOS_InitTime
                0x08006590       0x28 obj\debug\~#\module\nos\src\nostime.o
                0x08006590                nOS_InitTime
 .text.nOS_TimeTick
                0x080065b8       0xc0 obj\debug\~#\module\nos\src\nostime.o
                0x080065b8                nOS_TimeTick
 .text.nOS_TimeGet
                0x08006678       0x50 obj\debug\~#\module\nos\src\nostime.o
                0x08006678                nOS_TimeGet
 .text.nOS_TimeSet
                0x080066c8       0x5c obj\debug\~#\module\nos\src\nostime.o
                0x080066c8                nOS_TimeSet
 .text.nOS_TimeConvert
                0x08006724      0x1b8 obj\debug\~#\module\nos\src\nostime.o
                0x08006724                nOS_TimeConvert
 .text.nOS_TimeWait
                0x080068dc       0xb4 obj\debug\~#\module\nos\src\nostime.o
                0x080068dc                nOS_TimeWait
 .text.nOS_TimeIsLeapYear
                0x08006990       0x64 obj\debug\~#\module\nos\src\nostime.o
                0x08006990                nOS_TimeIsLeapYear
 .text.nOS_TimeGetDaysPerYear
                0x080069f4       0x64 obj\debug\~#\module\nos\src\nostime.o
                0x080069f4                nOS_TimeGetDaysPerYear
 .text.nOS_TimeGetDaysPerMonth
                0x08006a58       0x74 obj\debug\~#\module\nos\src\nostime.o
                0x08006a58                nOS_TimeGetDaysPerMonth
 .text.nOS_TimeDateGet
                0x08006acc       0x20 obj\debug\~#\module\nos\src\nostime.o
                0x08006acc                nOS_TimeDateGet
 .text.nOS_TimeDateSet
                0x08006aec       0x28 obj\debug\~#\module\nos\src\nostime.o
                0x08006aec                nOS_TimeDateSet
 .text.nOS_TimeDateConvert
                0x08006b14      0x14c obj\debug\~#\module\nos\src\nostime.o
                0x08006b14                nOS_TimeDateConvert
 .text.nOS_TimeDateWait
                0x08006c60       0x28 obj\debug\~#\module\nos\src\nostime.o
                0x08006c60                nOS_TimeDateWait
 .text._Thread  0x08006c88       0x58 obj\debug\~#\module\nos\src\nostimer.o
 .text._Tick    0x08006ce0       0xd4 obj\debug\~#\module\nos\src\nostimer.o
 .text.nOS_InitTimer
                0x08006db4       0x5c obj\debug\~#\module\nos\src\nostimer.o
                0x08006db4                nOS_InitTimer
 .text.nOS_TimerTick
                0x08006e10       0x9c obj\debug\~#\module\nos\src\nostimer.o
                0x08006e10                nOS_TimerTick
 .text.nOS_TimerProcess
                0x08006eac       0xa4 obj\debug\~#\module\nos\src\nostimer.o
                0x08006eac                nOS_TimerProcess
 .text.nOS_TimerCreate
                0x08006f50       0xc4 obj\debug\~#\module\nos\src\nostimer.o
                0x08006f50                nOS_TimerCreate
 .text.nOS_TimerStart
                0x08007014       0xb0 obj\debug\~#\module\nos\src\nostimer.o
                0x08007014                nOS_TimerStart
 .text.nOS_TimerStop
                0x080070c4       0xb8 obj\debug\~#\module\nos\src\nostimer.o
                0x080070c4                nOS_TimerStop
 .text.nOS_TimerRestart
                0x0800717c       0xb4 obj\debug\~#\module\nos\src\nostimer.o
                0x0800717c                nOS_TimerRestart
 .text.nOS_TimerPause
                0x08007230       0x90 obj\debug\~#\module\nos\src\nostimer.o
                0x08007230                nOS_TimerPause
 .text.nOS_TimerContinue
                0x080072c0       0x90 obj\debug\~#\module\nos\src\nostimer.o
                0x080072c0                nOS_TimerContinue
 .text.nOS_TimerSetReload
                0x08007350       0x7c obj\debug\~#\module\nos\src\nostimer.o
                0x08007350                nOS_TimerSetReload
 .text.nOS_TimerSetCallback
                0x080073cc       0x78 obj\debug\~#\module\nos\src\nostimer.o
                0x080073cc                nOS_TimerSetCallback
 .text.nOS_TimerSetMode
                0x08007444       0x98 obj\debug\~#\module\nos\src\nostimer.o
                0x08007444                nOS_TimerSetMode
 .text.nOS_TimerIsRunning
                0x080074dc       0x74 obj\debug\~#\module\nos\src\nostimer.o
                0x080074dc                nOS_TimerIsRunning
 .text.nOS_TimerAnyTriggered
                0x08007550       0x6c obj\debug\~#\module\nos\src\nostimer.o
                0x08007550                nOS_TimerAnyTriggered
 .text.nOS_InitSpecific
                0x080075bc       0x5c obj\debug\~#\module\nos\src\port\gcc\arm_cortex_m4\nosport.o
                0x080075bc                nOS_InitSpecific
 .text.nOS_InitContext
                0x08007618       0x7a obj\debug\~#\module\nos\src\port\gcc\arm_cortex_m4\nosport.o
                0x08007618                nOS_InitContext
 *fill*         0x08007692        0x2 
 .text.nOS_SwitchContext
                0x08007694       0x40 obj\debug\~#\module\nos\src\port\gcc\arm_cortex_m4\nosport.o
                0x08007694                nOS_SwitchContext
 .text.nOS_EnterISR
                0x080076d4       0x64 obj\debug\~#\module\nos\src\port\gcc\arm_cortex_m4\nosport.o
                0x080076d4                nOS_EnterISR
 .text.nOS_LeaveISR
                0x08007738       0xc8 obj\debug\~#\module\nos\src\port\gcc\arm_cortex_m4\nosport.o
                0x08007738                nOS_LeaveISR
 .text.PendSV_Handler
                0x08007800       0xa4 obj\debug\~#\module\nos\src\port\gcc\arm_cortex_m4\nosport.o
                0x08007800                PendSV_Handler
 .text.MemManage_Handler
                0x080078a4       0x38 obj\debug\~#\module\nos\src\port\gcc\arm_cortex_m4\nosport.o
                0x080078a4                MemManage_Handler
 .text.unlikely
                0x080078dc        0xc c:/program files (x86)/embitz/2.62/share/armgcc/bin/../lib/gcc/arm-none-eabi/9.3.1/thumb/v7e-m+fp/hard\libgcc.a(pr-support.o)
                0x080078dc                _Unwind_GetDataRelBase
                0x080078e2                _Unwind_GetTextRelBase
 .text.abort    0x080078e8        0xe c:/program files (x86)/embitz/2.62/share/armgcc/bin/../lib/gcc/arm-none-eabi/9.3.1/../../../../arm-none-eabi/lib/thumb/v7e-m+fp/hard\libg_nano.a(lib_a-abort.o)
                0x080078e8                abort
 *fill*         0x080078f6        0x2 
 .text.exit     0x080078f8       0x28 c:/program files (x86)/embitz/2.62/share/armgcc/bin/../lib/gcc/arm-none-eabi/9.3.1/../../../../arm-none-eabi/lib/thumb/v7e-m+fp/hard\libg_nano.a(lib_a-exit.o)
                0x080078f8                exit
 .text.__libc_init_array
                0x08007920       0x48 c:/program files (x86)/embitz/2.62/share/armgcc/bin/../lib/gcc/arm-none-eabi/9.3.1/../../../../arm-none-eabi/lib/thumb/v7e-m+fp/hard\libg_nano.a(lib_a-init.o)
                0x08007920                __libc_init_array
 .text.memcpy   0x08007968       0x1c c:/program files (x86)/embitz/2.62/share/armgcc/bin/../lib/gcc/arm-none-eabi/9.3.1/../../../../arm-none-eabi/lib/thumb/v7e-m+fp/hard\libg_nano.a(lib_a-memcpy-stub.o)
                0x08007968                memcpy
 .text.memset   0x08007984       0x10 c:/program files (x86)/embitz/2.62/share/armgcc/bin/../lib/gcc/arm-none-eabi/9.3.1/../../../../arm-none-eabi/lib/thumb/v7e-m+fp/hard\libg_nano.a(lib_a-memset.o)
                0x08007984                memset
 .text._init_signal_r
                0x08007994       0x28 c:/program files (x86)/embitz/2.62/share/armgcc/bin/../lib/gcc/arm-none-eabi/9.3.1/../../../../arm-none-eabi/lib/thumb/v7e-m+fp/hard\libg_nano.a(lib_a-signal.o)
                0x08007994                _init_signal_r
 .text._signal_r
                0x080079bc       0x30 c:/program files (x86)/embitz/2.62/share/armgcc/bin/../lib/gcc/arm-none-eabi/9.3.1/../../../../arm-none-eabi/lib/thumb/v7e-m+fp/hard\libg_nano.a(lib_a-signal.o)
                0x080079bc                _signal_r
 .text._raise_r
                0x080079ec       0x50 c:/program files (x86)/embitz/2.62/share/armgcc/bin/../lib/gcc/arm-none-eabi/9.3.1/../../../../arm-none-eabi/lib/thumb/v7e-m+fp/hard\libg_nano.a(lib_a-signal.o)
                0x080079ec                _raise_r
 .text.__sigtramp_r
                0x08007a3c       0x48 c:/program files (x86)/embitz/2.62/share/armgcc/bin/../lib/gcc/arm-none-eabi/9.3.1/../../../../arm-none-eabi/lib/thumb/v7e-m+fp/hard\libg_nano.a(lib_a-signal.o)
                0x08007a3c                __sigtramp_r
 .text.raise    0x08007a84       0x10 c:/program files (x86)/embitz/2.62/share/armgcc/bin/../lib/gcc/arm-none-eabi/9.3.1/../../../../arm-none-eabi/lib/thumb/v7e-m+fp/hard\libg_nano.a(lib_a-signal.o)
                0x08007a84                raise
 .text.signal   0x08007a94       0x10 c:/program files (x86)/embitz/2.62/share/armgcc/bin/../lib/gcc/arm-none-eabi/9.3.1/../../../../arm-none-eabi/lib/thumb/v7e-m+fp/hard\libg_nano.a(lib_a-signal.o)
                0x08007a94                signal
 .text._init_signal
                0x08007aa4        0xc c:/program files (x86)/embitz/2.62/share/armgcc/bin/../lib/gcc/arm-none-eabi/9.3.1/../../../../arm-none-eabi/lib/thumb/v7e-m+fp/hard\libg_nano.a(lib_a-signal.o)
                0x08007aa4                _init_signal
 .text.__sigtramp
                0x08007ab0       0x10 c:/program files (x86)/embitz/2.62/share/armgcc/bin/../lib/gcc/arm-none-eabi/9.3.1/../../../../arm-none-eabi/lib/thumb/v7e-m+fp/hard\libg_nano.a(lib_a-signal.o)
                0x08007ab0                __sigtramp
 .text._kill_r  0x08007ac0       0x24 c:/program files (x86)/embitz/2.62/share/armgcc/bin/../lib/gcc/arm-none-eabi/9.3.1/../../../../arm-none-eabi/lib/thumb/v7e-m+fp/hard\libg_nano.a(lib_a-signalr.o)
                0x08007ac0                _kill_r
 .text._getpid_r
                0x08007ae4        0x4 c:/program files (x86)/embitz/2.62/share/armgcc/bin/../lib/gcc/arm-none-eabi/9.3.1/../../../../arm-none-eabi/lib/thumb/v7e-m+fp/hard\libg_nano.a(lib_a-signalr.o)
                0x08007ae4                _getpid_r
 .text._malloc_r
                0x08007ae8       0xb4 c:/program files (x86)/embitz/2.62/share/armgcc/bin/../lib/gcc/arm-none-eabi/9.3.1/../../../../arm-none-eabi/lib/thumb/v7e-m+fp/hard\libg_nano.a(lib_a-nano-mallocr.o)
                0x08007ae8                _malloc_r
 .text.cleanup_glue
                0x08007b9c       0x1a c:/program files (x86)/embitz/2.62/share/armgcc/bin/../lib/gcc/arm-none-eabi/9.3.1/../../../../arm-none-eabi/lib/thumb/v7e-m+fp/hard\libg_nano.a(lib_a-reent.o)
                0x08007b9c                cleanup_glue
 *fill*         0x08007bb6        0x2 
 .text._reclaim_reent
                0x08007bb8       0xb8 c:/program files (x86)/embitz/2.62/share/armgcc/bin/../lib/gcc/arm-none-eabi/9.3.1/../../../../arm-none-eabi/lib/thumb/v7e-m+fp/hard\libg_nano.a(lib_a-reent.o)
                0x08007bb8                _reclaim_reent
 .text._sbrk_r  0x08007c70       0x20 c:/program files (x86)/embitz/2.62/share/armgcc/bin/../lib/gcc/arm-none-eabi/9.3.1/../../../../arm-none-eabi/lib/thumb/v7e-m+fp/hard\libg_nano.a(lib_a-sbrkr.o)
                0x08007c70                _sbrk_r
 .text.__malloc_lock
                0x08007c90        0xc c:/program files (x86)/embitz/2.62/share/armgcc/bin/../lib/gcc/arm-none-eabi/9.3.1/../../../../arm-none-eabi/lib/thumb/v7e-m+fp/hard\libg_nano.a(lib_a-mlock.o)
                0x08007c90                __malloc_lock
 .text.__malloc_unlock
                0x08007c9c        0xc c:/program files (x86)/embitz/2.62/share/armgcc/bin/../lib/gcc/arm-none-eabi/9.3.1/../../../../arm-none-eabi/lib/thumb/v7e-m+fp/hard\libg_nano.a(lib_a-mlock.o)
                0x08007c9c                __malloc_unlock
 .text._free_r  0x08007ca8       0xa0 c:/program files (x86)/embitz/2.62/share/armgcc/bin/../lib/gcc/arm-none-eabi/9.3.1/../../../../arm-none-eabi/lib/thumb/v7e-m+fp/hard\libg_nano.a(lib_a-nano-freer.o)
                0x08007ca8                _free_r
 .text.__retarget_lock_init
                0x08007d48        0x2 c:/program files (x86)/embitz/2.62/share/armgcc/bin/../lib/gcc/arm-none-eabi/9.3.1/../../../../arm-none-eabi/lib/thumb/v7e-m+fp/hard\libg_nano.a(lib_a-lock.o)
                0x08007d48                __retarget_lock_init
 .text.__retarget_lock_init_recursive
                0x08007d4a        0x2 c:/program files (x86)/embitz/2.62/share/armgcc/bin/../lib/gcc/arm-none-eabi/9.3.1/../../../../arm-none-eabi/lib/thumb/v7e-m+fp/hard\libg_nano.a(lib_a-lock.o)
                0x08007d4a                __retarget_lock_init_recursive
 .text.__retarget_lock_close
                0x08007d4c        0x2 c:/program files (x86)/embitz/2.62/share/armgcc/bin/../lib/gcc/arm-none-eabi/9.3.1/../../../../arm-none-eabi/lib/thumb/v7e-m+fp/hard\libg_nano.a(lib_a-lock.o)
                0x08007d4c                __retarget_lock_close
 .text.__retarget_lock_close_recursive
                0x08007d4e        0x2 c:/program files (x86)/embitz/2.62/share/armgcc/bin/../lib/gcc/arm-none-eabi/9.3.1/../../../../arm-none-eabi/lib/thumb/v7e-m+fp/hard\libg_nano.a(lib_a-lock.o)
                0x08007d4e                __retarget_lock_close_recursive
 .text.__retarget_lock_acquire
                0x08007d50        0x2 c:/program files (x86)/embitz/2.62/share/armgcc/bin/../lib/gcc/arm-none-eabi/9.3.1/../../../../arm-none-eabi/lib/thumb/v7e-m+fp/hard\libg_nano.a(lib_a-lock.o)
                0x08007d50                __retarget_lock_acquire
 .text.__retarget_lock_acquire_recursive
                0x08007d52        0x2 c:/program files (x86)/embitz/2.62/share/armgcc/bin/../lib/gcc/arm-none-eabi/9.3.1/../../../../arm-none-eabi/lib/thumb/v7e-m+fp/hard\libg_nano.a(lib_a-lock.o)
                0x08007d52                __retarget_lock_acquire_recursive
 .text.__retarget_lock_try_acquire
                0x08007d54        0x4 c:/program files (x86)/embitz/2.62/share/armgcc/bin/../lib/gcc/arm-none-eabi/9.3.1/../../../../arm-none-eabi/lib/thumb/v7e-m+fp/hard\libg_nano.a(lib_a-lock.o)
                0x08007d54                __retarget_lock_try_acquire
 .text.__retarget_lock_try_acquire_recursive
                0x08007d58        0x4 c:/program files (x86)/embitz/2.62/share/armgcc/bin/../lib/gcc/arm-none-eabi/9.3.1/../../../../arm-none-eabi/lib/thumb/v7e-m+fp/hard\libg_nano.a(lib_a-lock.o)
                0x08007d58                __retarget_lock_try_acquire_recursive
 .text.__retarget_lock_release
                0x08007d5c        0x2 c:/program files (x86)/embitz/2.62/share/armgcc/bin/../lib/gcc/arm-none-eabi/9.3.1/../../../../arm-none-eabi/lib/thumb/v7e-m+fp/hard\libg_nano.a(lib_a-lock.o)
                0x08007d5c                __retarget_lock_release
 .text.__retarget_lock_release_recursive
                0x08007d5e        0x2 c:/program files (x86)/embitz/2.62/share/armgcc/bin/../lib/gcc/arm-none-eabi/9.3.1/../../../../arm-none-eabi/lib/thumb/v7e-m+fp/hard\libg_nano.a(lib_a-lock.o)
                0x08007d5e                __retarget_lock_release_recursive
 .text._getpid  0x08007d60       0x10 c:/program files (x86)/embitz/2.62/share/armgcc/bin/../lib/gcc/arm-none-eabi/9.3.1/../../../../arm-none-eabi/lib/thumb/v7e-m+fp/hard\libnosys.a(getpid.o)
                0x08007d60                _getpid
 .text._kill    0x08007d70       0x10 c:/program files (x86)/embitz/2.62/share/armgcc/bin/../lib/gcc/arm-none-eabi/9.3.1/../../../../arm-none-eabi/lib/thumb/v7e-m+fp/hard\libnosys.a(kill.o)
                0x08007d70                _kill
 .text._sbrk    0x08007d80       0x1c c:/program files (x86)/embitz/2.62/share/armgcc/bin/../lib/gcc/arm-none-eabi/9.3.1/../../../../arm-none-eabi/lib/thumb/v7e-m+fp/hard\libnosys.a(sbrk.o)
                0x08007d80                _sbrk
 .text._exit    0x08007d9c        0x4 c:/program files (x86)/embitz/2.62/share/armgcc/bin/../lib/gcc/arm-none-eabi/9.3.1/../../../../arm-none-eabi/lib/thumb/v7e-m+fp/hard\libnosys.a(_exit.o)
                0x08007d9c                _exit
 *(.glue_7)
 .glue_7        0x08007da0        0x0 linker stubs
 *(.glue_7t)
 .glue_7t       0x08007da0        0x0 linker stubs
 *(.eh_frame)
 .eh_frame      0x08007da0        0x0 c:/program files (x86)/embitz/2.62/share/armgcc/bin/../lib/gcc/arm-none-eabi/9.3.1/thumb/v7e-m+fp/hard/crtbegin.o
 .eh_frame      0x08007da0        0x4 c:/program files (x86)/embitz/2.62/share/armgcc/bin/../lib/gcc/arm-none-eabi/9.3.1/thumb/v7e-m+fp/hard/crtend.o
 *(.init)
 .init          0x08007da4        0x4 c:/program files (x86)/embitz/2.62/share/armgcc/bin/../lib/gcc/arm-none-eabi/9.3.1/thumb/v7e-m+fp/hard/crti.o
                0x08007da4                _init
 .init          0x08007da8        0x8 c:/program files (x86)/embitz/2.62/share/armgcc/bin/../lib/gcc/arm-none-eabi/9.3.1/thumb/v7e-m+fp/hard/crtn.o
 *(.fini)
 .fini          0x08007db0        0x4 c:/program files (x86)/embitz/2.62/share/armgcc/bin/../lib/gcc/arm-none-eabi/9.3.1/thumb/v7e-m+fp/hard/crti.o
                0x08007db0                _fini
 .fini          0x08007db4        0x8 c:/program files (x86)/embitz/2.62/share/armgcc/bin/../lib/gcc/arm-none-eabi/9.3.1/thumb/v7e-m+fp/hard/crtn.o
                0x08007dbc                . = ALIGN (0x4)
                0x08007dbc                _etext = .

.vfp11_veneer   0x08007dbc        0x0
 .vfp11_veneer  0x08007dbc        0x0 linker stubs

.v4_bx          0x08007dbc        0x0
 .v4_bx         0x08007dbc        0x0 linker stubs

.iplt           0x08007dbc        0x0
 .iplt          0x08007dbc        0x0 c:/program files (x86)/embitz/2.62/share/armgcc/bin/../lib/gcc/arm-none-eabi/9.3.1/thumb/v7e-m+fp/hard/crtbegin.o

.rodata         0x08007dbc      0x1a4
                0x08007dbc                . = ALIGN (0x4)
 *(.rodata)
 .rodata        0x08007dbc        0xc obj\debug\~#\module\nos\src\nostime.o
 *(.rodata*)
 .rodata.OUR_FIRMWARE_NAME
                0x08007dc8       0x10 obj\debug\~#\app\src\bsp.o
                0x08007dc8                OUR_FIRMWARE_NAME
 .rodata.OUR_FIRMWARE_VERSION
                0x08007dd8        0x6 obj\debug\~#\app\src\bsp.o
                0x08007dd8                OUR_FIRMWARE_VERSION
 *fill*         0x08007dde        0x2 
 .rodata.OUR_FIRMWARE_DIGINI_NAME
                0x08007de0        0xb obj\debug\~#\app\src\bsp.o
                0x08007de0                OUR_FIRMWARE_DIGINI_NAME
 *fill*         0x08007deb        0x1 
 .rodata.OUR_FIRMWARE_DIGINI_VERSION
                0x08007dec        0x6 obj\debug\~#\app\src\bsp.o
                0x08007dec                OUR_FIRMWARE_DIGINI_VERSION
 *fill*         0x08007df2        0x2 
 .rodata.OUR_FIRMWARE_BUILD_DATE
                0x08007df4       0x15 obj\debug\~#\app\src\bsp.o
                0x08007df4                OUR_FIRMWARE_BUILD_DATE
 *fill*         0x08007e09        0x3 
 .rodata._ZN17IV_11_DigitDriver14m_EncodedValueE
                0x08007e0c        0xd obj\debug\~#\module\digini\peripheral\src\device\lib_class_spi_iv_11.o
                0x08007e0c                IV_11_DigitDriver::m_EncodedValue
 *fill*         0x08007e19        0x3 
 .rodata.VFD_Config
                0x08007e1c       0x10 obj\debug\~#\module\digini\peripheral\src\device\lib_class_spi_vfd.o
                0x08007e1c                VFD_Config
 .rodata._ZL15DMA_Info_WS281x
                0x08007e2c       0x10 obj\debug\~#\module\digini\peripheral\src\port\stm32f4xx\lib_class_stm32f4_dma.o
 .rodata.PWM_Info
                0x08007e3c        0x6 obj\debug\~#\module\digini\peripheral\src\port\stm32f4xx\lib_class_stm32f4_pwm.o
 *fill*         0x08007e42        0x2 
 .rodata.TIM_Info
                0x08007e44       0x20 obj\debug\~#\module\digini\peripheral\src\port\stm32f4xx\lib_class_stm32f4_tim.o
 .rodata._ZL13IO_Properties
                0x08007e64       0xf0 obj\debug\~#\module\digini\peripheral\src\port\stm32f4xx\lib_stm32f4_io.o
 .rodata._ZN9BIT_Array10m_ByteMaskE
                0x08007f54        0x8 obj\debug\~#\module\digini\utility\src\lib_class_bit_array.o
                0x08007f54                BIT_Array::m_ByteMask
 .rodata._global_impure_ptr
                0x08007f5c        0x4 c:/program files (x86)/embitz/2.62/share/armgcc/bin/../lib/gcc/arm-none-eabi/9.3.1/../../../../arm-none-eabi/lib/thumb/v7e-m+fp/hard\libg_nano.a(lib_a-impure.o)
                0x08007f5c                _global_impure_ptr
                0x08007f60                . = ALIGN (0x4)

.ARM.extab      0x08007f60      0x21c
 *(.ARM.extab* .gnu.linkonce.armextab.*)
 .ARM.extab     0x08007f60        0x0 c:/program files (x86)/embitz/2.62/share/armgcc/bin/../lib/gcc/arm-none-eabi/9.3.1/../../../../arm-none-eabi/lib/thumb/v7e-m+fp/hard/crt0.o
 .ARM.extab.text.NVIC_SetPriority
                0x08007f60        0x0 obj\debug\~#\app\src\bsp.o
 .ARM.extab.text.SysTick_Config
                0x08007f60        0x0 obj\debug\~#\app\src\bsp.o
 .ARM.extab.text._Z14BSP_Initializev
                0x08007f60        0x0 obj\debug\~#\app\src\bsp.o
 .ARM.extab.text._Z21BSP_PostOS_Initializev
                0x08007f60        0xc obj\debug\~#\app\src\bsp.o
 .ARM.extab.text.DMA2_Stream0_IRQHandler
                0x08007f6c        0x0 obj\debug\~#\app\src\irq.o
 .ARM.extab.text.DMA2_Stream3_IRQHandler
                0x08007f6c        0x0 obj\debug\~#\app\src\irq.o
 .ARM.extab.text.DMA1_Stream0_IRQHandler
                0x08007f6c        0x0 obj\debug\~#\app\src\irq.o
 .ARM.extab.text.DMA1_Stream5_IRQHandler
                0x08007f6c        0x0 obj\debug\~#\app\src\irq.o
 .ARM.extab.text.SPI1_IRQHandler
                0x08007f6c        0x0 obj\debug\~#\app\src\irq.o
 .ARM.extab.text.main
                0x08007f6c        0x0 obj\debug\~#\app\src\main.o
 .ARM.extab.text._Z8TaskIdlev
                0x08007f6c        0xc obj\debug\~#\app\src\taskidle.o
 .ARM.extab.text._Z17DIGINI_Initializev
                0x08007f78        0x0 obj\debug\~#\module\digini\digini\src\digini.o
 .ARM.extab.text._Z21DIGINI_PostInitializev
                0x08007f78        0x0 obj\debug\~#\module\digini\digini\src\digini.o
 .ARM.extab.text._ZN13MemPoolDriverC2Ev
                0x08007f78        0xc obj\debug\~#\module\digini\memory\src\lib_memory.o
 .ARM.extab.text._ZN13MemPoolDriverD2Ev
                0x08007f84        0x0 obj\debug\~#\module\digini\memory\src\lib_memory.o
 .ARM.extab.text._ZN13MemPoolDriver5AllocEjm
                0x08007f84        0xc obj\debug\~#\module\digini\memory\src\lib_memory.o
 .ARM.extab.text._ZN13MemPoolDriver13AllocAndClearEjm
                0x08007f90        0xc obj\debug\~#\module\digini\memory\src\lib_memory.o
 .ARM.extab.text._ZN13MemPoolDriver11AllocAndSetEjhm
                0x08007f9c        0xc obj\debug\~#\module\digini\memory\src\lib_memory.o
 .ARM.extab.text._ZN13MemPoolDriver4FreeEPPv
                0x08007fa8        0xc obj\debug\~#\module\digini\memory\src\lib_memory.o
 .ARM.extab.text._ZN13MemPoolDriver11IsAvailableEj
                0x08007fb4        0xc obj\debug\~#\module\digini\memory\src\lib_memory.o
 .ARM.extab.text._ZN13MemPoolDriver12GetLastErrorEv
                0x08007fc0        0x0 obj\debug\~#\module\digini\memory\src\lib_memory.o
 .ARM.extab.text._ZN13MemPoolDriver13GetUsedMemoryEv
                0x08007fc0        0x0 obj\debug\~#\module\digini\memory\src\lib_memory.o
 .ARM.extab.text._ZN13MemPoolDriver20GetTotalSizeReservedEv
                0x08007fc0        0x0 obj\debug\~#\module\digini\memory\src\lib_memory.o
 .ARM.extab.text._ZN13MemPoolDriver15GetNumberOfPoolEv
                0x08007fc0        0x0 obj\debug\~#\module\digini\memory\src\lib_memory.o
 .ARM.extab.text._ZN13MemPoolDriver16GetPoolBlockSizeEm
                0x08007fc0        0x0 obj\debug\~#\module\digini\memory\src\lib_memory.o
 .ARM.extab.text._ZN13MemPoolDriver20GetPoolNumberOfBlockEm
                0x08007fc0        0x0 obj\debug\~#\module\digini\memory\src\lib_memory.o
 .ARM.extab.text._ZN13MemPoolDriver16GetPoolBlockUsedEm
                0x08007fc0        0x0 obj\debug\~#\module\digini\memory\src\lib_memory.o
 .ARM.extab.text._ZN13MemPoolDriver21GetPoolBlockHighPointEm
                0x08007fc0        0x0 obj\debug\~#\module\digini\memory\src\lib_memory.o
 .ARM.extab.text._Z41__static_initialization_and_destruction_0ii
                0x08007fc0        0x0 obj\debug\~#\module\digini\memory\src\lib_memory.o
 .ARM.extab.text._GLOBAL__sub_I__MemoryPool
                0x08007fc0        0x0 obj\debug\~#\module\digini\memory\src\lib_memory.o
 .ARM.extab.text._GLOBAL__sub_D__MemoryPool
                0x08007fc0        0x0 obj\debug\~#\module\digini\memory\src\lib_memory.o
 .ARM.extab.text._ZN16DAC_X3508_DriverC2Ev
                0x08007fc0        0x0 obj\debug\~#\module\digini\peripheral\src\device\lib_class_spi_dacx3508.o
 .ARM.extab.text._ZN16DAC_X3508_Driver10InitializeEP10SPI_Driver7IO_ID_e
                0x08007fc0        0xc obj\debug\~#\module\digini\peripheral\src\device\lib_class_spi_dacx3508.o
 .ARM.extab.text._ZN16DAC_X3508_Driver8WriteDACEit
                0x08007fcc        0xc obj\debug\~#\module\digini\peripheral\src\device\lib_class_spi_dacx3508.o
 .ARM.extab.text._ZN16DAC_X3508_Driver10Send3BytesE15DAC_X3508_Cmd_et
                0x08007fd8        0xc obj\debug\~#\module\digini\peripheral\src\device\lib_class_spi_dacx3508.o
 .ARM.extab.text._Z41__static_initialization_and_destruction_0ii
                0x08007fe4        0x0 obj\debug\~#\module\digini\peripheral\src\device\lib_class_spi_dacx3508.o
 .ARM.extab.text._GLOBAL__sub_I_DAC43508
                0x08007fe4        0x0 obj\debug\~#\module\digini\peripheral\src\device\lib_class_spi_dacx3508.o
 .ARM.extab.text._ZN17IV_11_DigitDriverC2Ev
                0x08007fe4        0x0 obj\debug\~#\module\digini\peripheral\src\device\lib_class_spi_iv_11.o
 .ARM.extab.text._ZN17IV_11_DigitDriver10InitializeEP10SPI_DriverPK14IV_11_Config_t
                0x08007fe4        0xc obj\debug\~#\module\digini\peripheral\src\device\lib_class_spi_iv_11.o
 .ARM.extab.text._ZN17IV_11_DigitDriver5WriteEPKc
                0x08007ff0        0xc obj\debug\~#\module\digini\peripheral\src\device\lib_class_spi_iv_11.o
 .ARM.extab.text._ZN17IV_11_DigitDriver5WriteEhhb
                0x08007ffc        0x0 obj\debug\~#\module\digini\peripheral\src\device\lib_class_spi_iv_11.o
 .ARM.extab.text._ZN17IV_11_DigitDriver17WriteEncodedValueEhh
                0x08007ffc        0x0 obj\debug\~#\module\digini\peripheral\src\device\lib_class_spi_iv_11.o
 .ARM.extab.text._ZN17IV_11_DigitDriver4LoadEv
                0x08007ffc        0xc obj\debug\~#\module\digini\peripheral\src\device\lib_class_spi_iv_11.o
 .ARM.extab.text._ZN17IV_11_DigitDriver5BlankEb
                0x08008008        0x0 obj\debug\~#\module\digini\peripheral\src\device\lib_class_spi_iv_11.o
 .ARM.extab.text._ZN17IV_11_DigitDriver3DimEh
                0x08008008        0x0 obj\debug\~#\module\digini\peripheral\src\device\lib_class_spi_iv_11.o
 .ARM.extab.text._Z41__static_initialization_and_destruction_0ii
                0x08008008        0x0 obj\debug\~#\module\digini\peripheral\src\device\lib_class_spi_iv_11.o
 .ARM.extab.text._GLOBAL__sub_I_IV11
                0x08008008        0x0 obj\debug\~#\module\digini\peripheral\src\device\lib_class_spi_iv_11.o
 .ARM.extab.text._ZN10VFD_DriverC2Ev
                0x08008008        0x0 obj\debug\~#\module\digini\peripheral\src\device\lib_class_spi_vfd.o
 .ARM.extab.text._ZN10VFD_Driver10InitializeEPK12VFD_Config_t
                0x08008008        0xc obj\debug\~#\module\digini\peripheral\src\device\lib_class_spi_vfd.o
 .ARM.extab.text._ZN10VFD_Driver4SendEv
                0x08008014        0xc obj\debug\~#\module\digini\peripheral\src\device\lib_class_spi_vfd.o
 .ARM.extab.text._ZN10VFD_Driver3DimEh
                0x08008020        0xc obj\debug\~#\module\digini\peripheral\src\device\lib_class_spi_vfd.o
 .ARM.extab.text._ZN10VFD_Driver5BlankEb
                0x0800802c        0xc obj\debug\~#\module\digini\peripheral\src\device\lib_class_spi_vfd.o
 .ARM.extab.text._Z41__static_initialization_and_destruction_0ii
                0x08008038        0x0 obj\debug\~#\module\digini\peripheral\src\device\lib_class_spi_vfd.o
 .ARM.extab.text._GLOBAL__sub_I_VFD
                0x08008038        0x0 obj\debug\~#\module\digini\peripheral\src\device\lib_class_spi_vfd.o
 .ARM.extab.text._ZN10DMA_Driver10InitializeEP10DMA_Info_t
                0x08008038        0x0 obj\debug\~#\module\digini\peripheral\src\port\stm32f4xx\lib_class_stm32f4_dma.o
 .ARM.extab.text._ZN10DMA_Driver11SetTransferEPvS0_j
                0x08008038        0x0 obj\debug\~#\module\digini\peripheral\src\port\stm32f4xx\lib_class_stm32f4_dma.o
 .ARM.extab.text._ZN10DMA_Driver9SetSourceEPv
                0x08008038        0x0 obj\debug\~#\module\digini\peripheral\src\port\stm32f4xx\lib_class_stm32f4_dma.o
 .ARM.extab.text._ZN10DMA_Driver14SetDestinationEPv
                0x08008038        0x0 obj\debug\~#\module\digini\peripheral\src\port\stm32f4xx\lib_class_stm32f4_dma.o
 .ARM.extab.text._ZN10DMA_Driver9ClearFlagEm
                0x08008038        0x0 obj\debug\~#\module\digini\peripheral\src\port\stm32f4xx\lib_class_stm32f4_dma.o
 .ARM.extab.text._ZN10DMA_Driver9CheckFlagEm
                0x08008038        0x0 obj\debug\~#\module\digini\peripheral\src\port\stm32f4xx\lib_class_stm32f4_dma.o
 .ARM.extab.text._ZN10DMA_Driver11EnableClockEv
                0x08008038        0x0 obj\debug\~#\module\digini\peripheral\src\port\stm32f4xx\lib_class_stm32f4_dma.o
 .ARM.extab.text._ZN10DMA_Driver9EnableIRQEh
                0x08008038        0xc obj\debug\~#\module\digini\peripheral\src\port\stm32f4xx\lib_class_stm32f4_dma.o
 .ARM.extab.text._ZN10PWM_DriverC2E15PWM_ChannelID_eP10TIM_Driver
                0x08008044        0x0 obj\debug\~#\module\digini\peripheral\src\port\stm32f4xx\lib_class_stm32f4_pwm.o
 .ARM.extab.text._ZN10PWM_Driver10InitializeEv
                0x08008044        0xc obj\debug\~#\module\digini\peripheral\src\port\stm32f4xx\lib_class_stm32f4_pwm.o
 .ARM.extab.text._ZN10PWM_Driver7SetDutyEt
                0x08008050        0xc obj\debug\~#\module\digini\peripheral\src\port\stm32f4xx\lib_class_stm32f4_pwm.o
 .ARM.extab.text._ZN10PWM_Driver5StartEv
                0x0800805c        0xc obj\debug\~#\module\digini\peripheral\src\port\stm32f4xx\lib_class_stm32f4_pwm.o
 .ARM.extab.text._ZN10PWM_Driver4StopEv
                0x08008068        0xc obj\debug\~#\module\digini\peripheral\src\port\stm32f4xx\lib_class_stm32f4_pwm.o
 .ARM.extab.text._Z41__static_initialization_and_destruction_0ii
                0x08008074        0x0 obj\debug\~#\module\digini\peripheral\src\port\stm32f4xx\lib_class_stm32f4_pwm.o
 .ARM.extab.text._GLOBAL__sub_I_myPWM_VFD_Blank
                0x08008074        0x0 obj\debug\~#\module\digini\peripheral\src\port\stm32f4xx\lib_class_stm32f4_pwm.o
 .ARM.extab.text._ZN10DMA_Driver6EnableEv
                0x08008074        0x0 obj\debug\~#\module\digini\peripheral\src\port\stm32f4xx\lib_class_stm32f4_spi.o
 .ARM.extab.text._ZN10DMA_Driver7DisableEv
                0x08008074        0x0 obj\debug\~#\module\digini\peripheral\src\port\stm32f4xx\lib_class_stm32f4_spi.o
 .ARM.extab.text._ZN10DMA_Driver9ClearFlagEv
                0x08008074        0xc obj\debug\~#\module\digini\peripheral\src\port\stm32f4xx\lib_class_stm32f4_spi.o
 .ARM.extab.text._ZN10DMA_Driver9SetLengthEj
                0x08008080        0x0 obj\debug\~#\module\digini\peripheral\src\port\stm32f4xx\lib_class_stm32f4_spi.o
 .ARM.extab.text._ZN10DMA_Driver18SetMemoryIncrementEv
                0x08008080        0x0 obj\debug\~#\module\digini\peripheral\src\port\stm32f4xx\lib_class_stm32f4_spi.o
 .ARM.extab.text._ZN10DMA_Driver20SetNoMemoryIncrementEv
                0x08008080        0x0 obj\debug\~#\module\digini\peripheral\src\port\stm32f4xx\lib_class_stm32f4_spi.o
 .ARM.extab.text._ZN10DMA_Driver31EnableTransmitCompleteInterruptEv
                0x08008080        0x0 obj\debug\~#\module\digini\peripheral\src\port\stm32f4xx\lib_class_stm32f4_spi.o
 .ARM.extab.text._ZN10SPI_DriverC2E8SPI_ID_e
                0x08008080        0x0 obj\debug\~#\module\digini\peripheral\src\port\stm32f4xx\lib_class_stm32f4_spi.o
 .ARM.extab.text._ZN10SPI_Driver10InitializeEv
                0x08008080        0xc obj\debug\~#\module\digini\peripheral\src\port\stm32f4xx\lib_class_stm32f4_spi.o
 .ARM.extab.text._ZN10SPI_Driver12LockToDeviceE7IO_ID_e
                0x0800808c        0xc obj\debug\~#\module\digini\peripheral\src\port\stm32f4xx\lib_class_stm32f4_spi.o
 .ARM.extab.text._ZN10SPI_Driver16UnlockFromDeviceE7IO_ID_e
                0x08008098        0xc obj\debug\~#\module\digini\peripheral\src\port\stm32f4xx\lib_class_stm32f4_spi.o
 .ARM.extab.text._ZN10SPI_Driver6ConfigEmm
                0x080080a4        0x0 obj\debug\~#\module\digini\peripheral\src\port\stm32f4xx\lib_class_stm32f4_spi.o
 .ARM.extab.text._ZN10SPI_Driver5WriteEPhj
                0x080080a4        0xc obj\debug\~#\module\digini\peripheral\src\port\stm32f4xx\lib_class_stm32f4_spi.o
 .ARM.extab.text._ZN10SPI_Driver5WriteEPhj7IO_ID_e
                0x080080b0        0xc obj\debug\~#\module\digini\peripheral\src\port\stm32f4xx\lib_class_stm32f4_spi.o
 .ARM.extab.text._ZN10SPI_Driver5WriteEh
                0x080080bc        0xc obj\debug\~#\module\digini\peripheral\src\port\stm32f4xx\lib_class_stm32f4_spi.o
 .ARM.extab.text._ZN10SPI_Driver5WriteEh7IO_ID_e
                0x080080c8        0xc obj\debug\~#\module\digini\peripheral\src\port\stm32f4xx\lib_class_stm32f4_spi.o
 .ARM.extab.text._ZN10SPI_Driver4ReadEPhj
                0x080080d4        0xc obj\debug\~#\module\digini\peripheral\src\port\stm32f4xx\lib_class_stm32f4_spi.o
 .ARM.extab.text._ZN10SPI_Driver4ReadEPhj7IO_ID_e
                0x080080e0        0xc obj\debug\~#\module\digini\peripheral\src\port\stm32f4xx\lib_class_stm32f4_spi.o
 .ARM.extab.text._ZN10SPI_Driver4ReadEPh
                0x080080ec        0xc obj\debug\~#\module\digini\peripheral\src\port\stm32f4xx\lib_class_stm32f4_spi.o
 .ARM.extab.text._ZN10SPI_Driver4ReadEPh7IO_ID_e
                0x080080f8        0xc obj\debug\~#\module\digini\peripheral\src\port\stm32f4xx\lib_class_stm32f4_spi.o
 .ARM.extab.text._ZN10SPI_Driver8TransferEPhmS0_m7IO_ID_e
                0x08008104        0xc obj\debug\~#\module\digini\peripheral\src\port\stm32f4xx\lib_class_stm32f4_spi.o
 .ARM.extab.text._ZN10SPI_Driver8TransferEPhmS0_m
                0x08008110        0xc obj\debug\~#\module\digini\peripheral\src\port\stm32f4xx\lib_class_stm32f4_spi.o
 .ARM.extab.text._ZN10SPI_Driver23OverrideMemoryIncrementEv
                0x0800811c        0x0 obj\debug\~#\module\digini\peripheral\src\port\stm32f4xx\lib_class_stm32f4_spi.o
 .ARM.extab.text._ZN10SPI_Driver9WaitReadyEv
                0x0800811c        0xc obj\debug\~#\module\digini\peripheral\src\port\stm32f4xx\lib_class_stm32f4_spi.o
 .ARM.extab.text._ZN10SPI_Driver10IRQHandlerEv
                0x08008128        0x0 obj\debug\~#\module\digini\peripheral\src\port\stm32f4xx\lib_class_stm32f4_spi.o
 .ARM.extab.text._ZN10SPI_Driver7WaitDMAEv
                0x08008128        0xc obj\debug\~#\module\digini\peripheral\src\port\stm32f4xx\lib_class_stm32f4_spi.o
 .ARM.extab.text._ZN10SPI_Driver18DMA_TX_IRQ_HandlerE8SPI_ID_e
                0x08008134        0xc obj\debug\~#\module\digini\peripheral\src\port\stm32f4xx\lib_class_stm32f4_spi.o
 .ARM.extab.text._ZN10SPI_Driver18DMA_RX_IRQ_HandlerE8SPI_ID_e
                0x08008140        0xc obj\debug\~#\module\digini\peripheral\src\port\stm32f4xx\lib_class_stm32f4_spi.o